  Determining projects to restore...
  Restored /tmp/polyxml-corpus-check-nvfe0gjk/Check.csproj (in 153 ms).
/tmp/polyxml-corpus-check-nvfe0gjk/generated/csharp/hl7_cda/Hl7Cda.cs(54227,2): error CS0579: Duplicate 'XmlRoot' attribute [/tmp/polyxml-corpus-check-nvfe0gjk/Check.csproj]
/tmp/polyxml-corpus-check-nvfe0gjk/generated/csharp/hl7_cda/Hl7Cda.cs(54406,105): error CS0246: The type or namespace name 'Ed2' could not be found (are you missing a using directive or an assembly reference?) [/tmp/polyxml-corpus-check-nvfe0gjk/Check.csproj]
/tmp/polyxml-corpus-check-nvfe0gjk/generated/csharp/hl7_cda/Hl7Cda.cs(54437,105): error CS0246: The type or namespace name 'Ed2' could not be found (are you missing a using directive or an assembly reference?) [/tmp/polyxml-corpus-check-nvfe0gjk/Check.csproj]
/tmp/polyxml-corpus-check-nvfe0gjk/generated/csharp/hl7_cda/Hl7Cda.cs(54539,105): error CS0246: The type or namespace name 'Ed2' could not be found (are you missing a using directive or an assembly reference?) [/tmp/polyxml-corpus-check-nvfe0gjk/Check.csproj]
/tmp/polyxml-corpus-check-nvfe0gjk/generated/csharp/hl7_cda/Hl7Cda.cs(54571,2): error CS0579: Duplicate 'XmlRoot' attribute [/tmp/polyxml-corpus-check-nvfe0gjk/Check.csproj]
/tmp/polyxml-corpus-check-nvfe0gjk/generated/csharp/hl7_cda/Hl7Cda.cs(54581,2): error CS0579: Duplicate 'XmlRoot' attribute [/tmp/polyxml-corpus-check-nvfe0gjk/Check.csproj]
/tmp/polyxml-corpus-check-nvfe0gjk/generated/csharp/hl7_cda/Hl7Cda.cs(54820,2): error CS0579: Duplicate 'XmlRoot' attribute [/tmp/polyxml-corpus-check-nvfe0gjk/Check.csproj]
/tmp/polyxml-corpus-check-nvfe0gjk/generated/csharp/hl7_cda/Hl7Cda.cs(50446,75): error CS0246: The type or namespace name 'Ed' could not be found (are you missing a using directive or an assembly reference?) [/tmp/polyxml-corpus-check-nvfe0gjk/Check.csproj]
/tmp/polyxml-corpus-check-nvfe0gjk/generated/csharp/hl7_cda/Hl7Cda.cs(50134,2): error CS0579: Duplicate 'XmlRoot' attribute [/tmp/polyxml-corpus-check-nvfe0gjk/Check.csproj]
/tmp/polyxml-corpus-check-nvfe0gjk/generated/csharp/hl7_cda/Hl7Cda.cs(46936,78): error CS0246: The type or namespace name 'Ed' could not be found (are you missing a using directive or an assembly reference?) [/tmp/polyxml-corpus-check-nvfe0gjk/Check.csproj]
/tmp/polyxml-corpus-check-nvfe0gjk/generated/csharp/hl7_cda/Hl7Cda.cs(48176,78): error CS0246: The type or namespace name 'EdR2b' could not be found (are you missing a using directive or an assembly reference?) [/tmp/polyxml-corpus-check-nvfe0gjk/Check.csproj]
/tmp/polyxml-corpus-check-nvfe0gjk/generated/csharp/hl7_cda/Hl7Cda.cs(50480,2): error CS0579: Duplicate 'XmlRoot' attribute [/tmp/polyxml-corpus-check-nvfe0gjk/Check.csproj]
/tmp/polyxml-corpus-check-nvfe0gjk/generated/csharp/hl7_cda/Hl7Cda.cs(48203,78): error CS0246: The type or namespace name 'Ed2' could not be found (are you missing a using directive or an assembly reference?) [/tmp/polyxml-corpus-check-nvfe0gjk/Check.csproj]
/tmp/polyxml-corpus-check-nvfe0gjk/generated/csharp/hl7_cda/Hl7Cda.cs(50656,2): error CS0579: Duplicate 'XmlRoot' attribute [/tmp/polyxml-corpus-check-nvfe0gjk/Check.csproj]
/tmp/polyxml-corpus-check-nvfe0gjk/generated/csharp/hl7_cda/Hl7Cda.cs(50313,75): error CS0246: The type or namespace name 'Ed' could not be found (are you missing a using directive or an assembly reference?) [/tmp/polyxml-corpus-check-nvfe0gjk/Check.csproj]
/tmp/polyxml-corpus-check-nvfe0gjk/generated/csharp/hl7_cda/Hl7Cda.cs(50344,75): error CS0246: The type or namespace name 'Ed' could not be found (are you missing a using directive or an assembly reference?) [/tmp/polyxml-corpus-check-nvfe0gjk/Check.csproj]
/tmp/polyxml-corpus-check-nvfe0gjk/generated/csharp/hl7_cda/Hl7Cda.cs(51880,2): error CS0579: Duplicate 'XmlRoot' attribute [/tmp/polyxml-corpus-check-nvfe0gjk/Check.csproj]
/tmp/polyxml-corpus-check-nvfe0gjk/generated/csharp/hl7_cda/Hl7Cda.cs(55830,92): error CS0246: The type or namespace name 'Ed2' could not be found (are you missing a using directive or an assembly reference?) [/tmp/polyxml-corpus-check-nvfe0gjk/Check.csproj]
/tmp/polyxml-corpus-check-nvfe0gjk/generated/csharp/hl7_cda/Hl7Cda.cs(56814,89): error CS0246: The type or namespace name 'Ed2' could not be found (are you missing a using directive or an assembly reference?) [/tmp/polyxml-corpus-check-nvfe0gjk/Check.csproj]
/tmp/polyxml-corpus-check-nvfe0gjk/generated/csharp/hl7_cda/Hl7Cda.cs(56943,89): error CS0246: The type or namespace name 'Ed2' could not be found (are you missing a using directive or an assembly reference?) [/tmp/polyxml-corpus-check-nvfe0gjk/Check.csproj]
/tmp/polyxml-corpus-check-nvfe0gjk/generated/csharp/hl7_cda/Hl7Cda.cs(58018,89): error CS0246: The type or namespace name 'Ed2' could not be found (are you missing a using directive or an assembly reference?) [/tmp/polyxml-corpus-check-nvfe0gjk/Check.csproj]
/tmp/polyxml-corpus-check-nvfe0gjk/generated/csharp/hl7_cda/Hl7Cda.cs(56978,89): error CS0246: The type or namespace name 'Ed2' could not be found (are you missing a using directive or an assembly reference?) [/tmp/polyxml-corpus-check-nvfe0gjk/Check.csproj]
/tmp/polyxml-corpus-check-nvfe0gjk/generated/csharp/hl7_cda/Hl7Cda.cs(57436,89): error CS0246: The type or namespace name 'Ed2' could not be found (are you missing a using directive or an assembly reference?) [/tmp/polyxml-corpus-check-nvfe0gjk/Check.csproj]
/tmp/polyxml-corpus-check-nvfe0gjk/generated/csharp/hl7_cda/Hl7Cda.cs(57017,89): error CS0246: The type or namespace name 'Ed2' could not be found (are you missing a using directive or an assembly reference?) [/tmp/polyxml-corpus-check-nvfe0gjk/Check.csproj]
/tmp/polyxml-corpus-check-nvfe0gjk/generated/csharp/hl7_cda/Hl7Cda.cs(59285,2): error CS0579: Duplicate 'XmlRoot' attribute [/tmp/polyxml-corpus-check-nvfe0gjk/Check.csproj]
/tmp/polyxml-corpus-check-nvfe0gjk/generated/csharp/hl7_cda/Hl7Cda.cs(56474,89): error CS0246: The type or namespace name 'Ed2' could not be found (are you missing a using directive or an assembly reference?) [/tmp/polyxml-corpus-check-nvfe0gjk/Check.csproj]
/tmp/polyxml-corpus-check-nvfe0gjk/generated/csharp/hl7_cda/Hl7Cda.cs(57052,89): error CS0246: The type or namespace name 'Ed2' could not be found (are you missing a using directive or an assembly reference?) [/tmp/polyxml-corpus-check-nvfe0gjk/Check.csproj]
/tmp/polyxml-corpus-check-nvfe0gjk/generated/csharp/hl7_cda/Hl7Cda.cs(57474,89): error CS0246: The type or namespace name 'Ed2' could not be found (are you missing a using directive or an assembly reference?) [/tmp/polyxml-corpus-check-nvfe0gjk/Check.csproj]
/tmp/polyxml-corpus-check-nvfe0gjk/generated/csharp/hl7_cda/Hl7Cda.cs(58166,89): error CS0246: The type or namespace name 'Ed2' could not be found (are you missing a using directive or an assembly reference?) [/tmp/polyxml-corpus-check-nvfe0gjk/Check.csproj]
/tmp/polyxml-corpus-check-nvfe0gjk/generated/csharp/hl7_cda/Hl7Cda.cs(57512,91): error CS0246: The type or namespace name 'Ed2' could not be found (are you missing a using directive or an assembly reference?) [/tmp/polyxml-corpus-check-nvfe0gjk/Check.csproj]
/tmp/polyxml-corpus-check-nvfe0gjk/generated/csharp/hl7_cda/Hl7Cda.cs(57513,89): error CS0246: The type or namespace name 'Ed2' could not be found (are you missing a using directive or an assembly reference?) [/tmp/polyxml-corpus-check-nvfe0gjk/Check.csproj]
/tmp/polyxml-corpus-check-nvfe0gjk/generated/csharp/hl7_cda/Hl7Cda.cs(56021,107): error CS0246: The type or namespace name 'Ed2' could not be found (are you missing a using directive or an assembly reference?) [/tmp/polyxml-corpus-check-nvfe0gjk/Check.csproj]
/tmp/polyxml-corpus-check-nvfe0gjk/generated/csharp/hl7_cda/Hl7Cda.cs(58238,89): error CS0246: The type or namespace name 'Ed2' could not be found (are you missing a using directive or an assembly reference?) [/tmp/polyxml-corpus-check-nvfe0gjk/Check.csproj]
/tmp/polyxml-corpus-check-nvfe0gjk/generated/csharp/hl7_cda/Hl7Cda.cs(56082,123): error CS0246: The type or namespace name 'Sc2' could not be found (are you missing a using directive or an assembly reference?) [/tmp/polyxml-corpus-check-nvfe0gjk/Check.csproj]
/tmp/polyxml-corpus-check-nvfe0gjk/generated/csharp/hl7_cda/Hl7Cda.cs(56083,105): error CS0246: The type or namespace name 'Sc2' could not be found (are you missing a using directive or an assembly reference?) [/tmp/polyxml-corpus-check-nvfe0gjk/Check.csproj]
/tmp/polyxml-corpus-check-nvfe0gjk/generated/csharp/hl7_cda/Hl7Cda.cs(58298,89): error CS0246: The type or namespace name 'Ed2' could not be found (are you missing a using directive or an assembly reference?) [/tmp/polyxml-corpus-check-nvfe0gjk/Check.csproj]
/tmp/polyxml-corpus-check-nvfe0gjk/generated/csharp/hl7_cda/Hl7Cda.cs(57594,91): error CS0246: The type or namespace name 'Ed2' could not be found (are you missing a using directive or an assembly reference?) [/tmp/polyxml-corpus-check-nvfe0gjk/Check.csproj]
/tmp/polyxml-corpus-check-nvfe0gjk/generated/csharp/hl7_cda/Hl7Cda.cs(56609,123): error CS0246: The type or namespace name 'Sc2' could not be found (are you missing a using directive or an assembly reference?) [/tmp/polyxml-corpus-check-nvfe0gjk/Check.csproj]
/tmp/polyxml-corpus-check-nvfe0gjk/generated/csharp/hl7_cda/Hl7Cda.cs(56610,105): error CS0246: The type or namespace name 'Sc2' could not be found (are you missing a using directive or an assembly reference?) [/tmp/polyxml-corpus-check-nvfe0gjk/Check.csproj]
/tmp/polyxml-corpus-check-nvfe0gjk/generated/csharp/hl7_cda/Hl7Cda.cs(57646,89): error CS0246: The type or namespace name 'Ed2' could not be found (are you missing a using directive or an assembly reference?) [/tmp/polyxml-corpus-check-nvfe0gjk/Check.csproj]
/tmp/polyxml-corpus-check-nvfe0gjk/generated/csharp/hl7_cda/Hl7Cda.cs(56714,89): error CS0246: The type or namespace name 'Ed2' could not be found (are you missing a using directive or an assembly reference?) [/tmp/polyxml-corpus-check-nvfe0gjk/Check.csproj]
/tmp/polyxml-corpus-check-nvfe0gjk/generated/csharp/hl7_cda/Hl7Cda.cs(57320,107): error CS0246: The type or namespace name 'Ed2' could not be found (are you missing a using directive or an assembly reference?) [/tmp/polyxml-corpus-check-nvfe0gjk/Check.csproj]
/tmp/polyxml-corpus-check-nvfe0gjk/generated/csharp/hl7_cda/Hl7Cda.cs(57801,89): error CS0246: The type or namespace name 'Ed2' could not be found (are you missing a using directive or an assembly reference?) [/tmp/polyxml-corpus-check-nvfe0gjk/Check.csproj]
/tmp/polyxml-corpus-check-nvfe0gjk/generated/csharp/hl7_cda/Hl7Cda.cs(58863,89): error CS0246: The type or namespace name 'Ed2' could not be found (are you missing a using directive or an assembly reference?) [/tmp/polyxml-corpus-check-nvfe0gjk/Check.csproj]
/tmp/polyxml-corpus-check-nvfe0gjk/generated/csharp/hl7_cda/Hl7Cda.cs(57860,89): error CS0246: The type or namespace name 'Ed2' could not be found (are you missing a using directive or an assembly reference?) [/tmp/polyxml-corpus-check-nvfe0gjk/Check.csproj]
/tmp/polyxml-corpus-check-nvfe0gjk/generated/csharp/hl7_cda/Hl7Cda.cs(58915,89): error CS0246: The type or namespace name 'Ed2' could not be found (are you missing a using directive or an assembly reference?) [/tmp/polyxml-corpus-check-nvfe0gjk/Check.csproj]
/tmp/polyxml-corpus-check-nvfe0gjk/generated/csharp/hl7_cda/Hl7Cda.cs(58998,89): error CS0246: The type or namespace name 'Ed2' could not be found (are you missing a using directive or an assembly reference?) [/tmp/polyxml-corpus-check-nvfe0gjk/Check.csproj]

Build FAILED.

/tmp/polyxml-corpus-check-nvfe0gjk/generated/csharp/hl7_cda/Hl7Cda.cs(54227,2): error CS0579: Duplicate 'XmlRoot' attribute [/tmp/polyxml-corpus-check-nvfe0gjk/Check.csproj]
/tmp/polyxml-corpus-check-nvfe0gjk/generated/csharp/hl7_cda/Hl7Cda.cs(54406,105): error CS0246: The type or namespace name 'Ed2' could not be found (are you missing a using directive or an assembly reference?) [/tmp/polyxml-corpus-check-nvfe0gjk/Check.csproj]
/tmp/polyxml-corpus-check-nvfe0gjk/generated/csharp/hl7_cda/Hl7Cda.cs(54437,105): error CS0246: The type or namespace name 'Ed2' could not be found (are you missing a using directive or an assembly reference?) [/tmp/polyxml-corpus-check-nvfe0gjk/Check.csproj]
/tmp/polyxml-corpus-check-nvfe0gjk/generated/csharp/hl7_cda/Hl7Cda.cs(54539,105): error CS0246: The type or namespace name 'Ed2' could not be found (are you missing a using directive or an assembly reference?) [/tmp/polyxml-corpus-check-nvfe0gjk/Check.csproj]
/tmp/polyxml-corpus-check-nvfe0gjk/generated/csharp/hl7_cda/Hl7Cda.cs(54571,2): error CS0579: Duplicate 'XmlRoot' attribute [/tmp/polyxml-corpus-check-nvfe0gjk/Check.csproj]
/tmp/polyxml-corpus-check-nvfe0gjk/generated/csharp/hl7_cda/Hl7Cda.cs(54581,2): error CS0579: Duplicate 'XmlRoot' attribute [/tmp/polyxml-corpus-check-nvfe0gjk/Check.csproj]
/tmp/polyxml-corpus-check-nvfe0gjk/generated/csharp/hl7_cda/Hl7Cda.cs(54820,2): error CS0579: Duplicate 'XmlRoot' attribute [/tmp/polyxml-corpus-check-nvfe0gjk/Check.csproj]
/tmp/polyxml-corpus-check-nvfe0gjk/generated/csharp/hl7_cda/Hl7Cda.cs(50446,75): error CS0246: The type or namespace name 'Ed' could not be found (are you missing a using directive or an assembly reference?) [/tmp/polyxml-corpus-check-nvfe0gjk/Check.csproj]
/tmp/polyxml-corpus-check-nvfe0gjk/generated/csharp/hl7_cda/Hl7Cda.cs(50134,2): error CS0579: Duplicate 'XmlRoot' attribute [/tmp/polyxml-corpus-check-nvfe0gjk/Check.csproj]
/tmp/polyxml-corpus-check-nvfe0gjk/generated/csharp/hl7_cda/Hl7Cda.cs(46936,78): error CS0246: The type or namespace name 'Ed' could not be found (are you missing a using directive or an assembly reference?) [/tmp/polyxml-corpus-check-nvfe0gjk/Check.csproj]
/tmp/polyxml-corpus-check-nvfe0gjk/generated/csharp/hl7_cda/Hl7Cda.cs(48176,78): error CS0246: The type or namespace name 'EdR2b' could not be found (are you missing a using directive or an assembly reference?) [/tmp/polyxml-corpus-check-nvfe0gjk/Check.csproj]
/tmp/polyxml-corpus-check-nvfe0gjk/generated/csharp/hl7_cda/Hl7Cda.cs(50480,2): error CS0579: Duplicate 'XmlRoot' attribute [/tmp/polyxml-corpus-check-nvfe0gjk/Check.csproj]
/tmp/polyxml-corpus-check-nvfe0gjk/generated/csharp/hl7_cda/Hl7Cda.cs(48203,78): error CS0246: The type or namespace name 'Ed2' could not be found (are you missing a using directive or an assembly reference?) [/tmp/polyxml-corpus-check-nvfe0gjk/Check.csproj]
/tmp/polyxml-corpus-check-nvfe0gjk/generated/csharp/hl7_cda/Hl7Cda.cs(50656,2): error CS0579: Duplicate 'XmlRoot' attribute [/tmp/polyxml-corpus-check-nvfe0gjk/Check.csproj]
/tmp/polyxml-corpus-check-nvfe0gjk/generated/csharp/hl7_cda/Hl7Cda.cs(50313,75): error CS0246: The type or namespace name 'Ed' could not be found (are you missing a using directive or an assembly reference?) [/tmp/polyxml-corpus-check-nvfe0gjk/Check.csproj]
/tmp/polyxml-corpus-check-nvfe0gjk/generated/csharp/hl7_cda/Hl7Cda.cs(50344,75): error CS0246: The type or namespace name 'Ed' could not be found (are you missing a using directive or an assembly reference?) [/tmp/polyxml-corpus-check-nvfe0gjk/Check.csproj]
/tmp/polyxml-corpus-check-nvfe0gjk/generated/csharp/hl7_cda/Hl7Cda.cs(51880,2): error CS0579: Duplicate 'XmlRoot' attribute [/tmp/polyxml-corpus-check-nvfe0gjk/Check.csproj]
/tmp/polyxml-corpus-check-nvfe0gjk/generated/csharp/hl7_cda/Hl7Cda.cs(55830,92): error CS0246: The type or namespace name 'Ed2' could not be found (are you missing a using directive or an assembly reference?) [/tmp/polyxml-corpus-check-nvfe0gjk/Check.csproj]
/tmp/polyxml-corpus-check-nvfe0gjk/generated/csharp/hl7_cda/Hl7Cda.cs(56814,89): error CS0246: The type or namespace name 'Ed2' could not be found (are you missing a using directive or an assembly reference?) [/tmp/polyxml-corpus-check-nvfe0gjk/Check.csproj]
/tmp/polyxml-corpus-check-nvfe0gjk/generated/csharp/hl7_cda/Hl7Cda.cs(56943,89): error CS0246: The type or namespace name 'Ed2' could not be found (are you missing a using directive or an assembly reference?) [/tmp/polyxml-corpus-check-nvfe0gjk/Check.csproj]
/tmp/polyxml-corpus-check-nvfe0gjk/generated/csharp/hl7_cda/Hl7Cda.cs(58018,89): error CS0246: The type or namespace name 'Ed2' could not be found (are you missing a using directive or an assembly reference?) [/tmp/polyxml-corpus-check-nvfe0gjk/Check.csproj]
/tmp/polyxml-corpus-check-nvfe0gjk/generated/csharp/hl7_cda/Hl7Cda.cs(56978,89): error CS0246: The type or namespace name 'Ed2' could not be found (are you missing a using directive or an assembly reference?) [/tmp/polyxml-corpus-check-nvfe0gjk/Check.csproj]
/tmp/polyxml-corpus-check-nvfe0gjk/generated/csharp/hl7_cda/Hl7Cda.cs(57436,89): error CS0246: The type or namespace name 'Ed2' could not be found (are you missing a using directive or an assembly reference?) [/tmp/polyxml-corpus-check-nvfe0gjk/Check.csproj]
/tmp/polyxml-corpus-check-nvfe0gjk/generated/csharp/hl7_cda/Hl7Cda.cs(57017,89): error CS0246: The type or namespace name 'Ed2' could not be found (are you missing a using directive or an assembly reference?) [/tmp/polyxml-corpus-check-nvfe0gjk/Check.csproj]
/tmp/polyxml-corpus-check-nvfe0gjk/generated/csharp/hl7_cda/Hl7Cda.cs(59285,2): error CS0579: Duplicate 'XmlRoot' attribute [/tmp/polyxml-corpus-check-nvfe0gjk/Check.csproj]
/tmp/polyxml-corpus-check-nvfe0gjk/generated/csharp/hl7_cda/Hl7Cda.cs(56474,89): error CS0246: The type or namespace name 'Ed2' could not be found (are you missing a using directive or an assembly reference?) [/tmp/polyxml-corpus-check-nvfe0gjk/Check.csproj]
/tmp/polyxml-corpus-check-nvfe0gjk/generated/csharp/hl7_cda/Hl7Cda.cs(57052,89): error CS0246: The type or namespace name 'Ed2' could not be found (are you missing a using directive or an assembly reference?) [/tmp/polyxml-corpus-check-nvfe0gjk/Check.csproj]
/tmp/polyxml-corpus-check-nvfe0gjk/generated/csharp/hl7_cda/Hl7Cda.cs(57474,89): error CS0246: The type or namespace name 'Ed2' could not be found (are you missing a using directive or an assembly reference?) [/tmp/polyxml-corpus-check-nvfe0gjk/Check.csproj]
/tmp/polyxml-corpus-check-nvfe0gjk/generated/csharp/hl7_cda/Hl7Cda.cs(58166,89): error CS0246: The type or namespace name 'Ed2' could not be found (are you missing a using directive or an assembly reference?) [/tmp/polyxml-corpus-check-nvfe0gjk/Check.csproj]
/tmp/polyxml-corpus-check-nvfe0gjk/generated/csharp/hl7_cda/Hl7Cda.cs(57512,91): error CS0246: The type or namespace name 'Ed2' could not be found (are you missing a using directive or an assembly reference?) [/tmp/polyxml-corpus-check-nvfe0gjk/Check.csproj]
/tmp/polyxml-corpus-check-nvfe0gjk/generated/csharp/hl7_cda/Hl7Cda.cs(57513,89): error CS0246: The type or namespace name 'Ed2' could not be found (are you missing a using directive or an assembly reference?) [/tmp/polyxml-corpus-check-nvfe0gjk/Check.csproj]
/tmp/polyxml-corpus-check-nvfe0gjk/generated/csharp/hl7_cda/Hl7Cda.cs(56021,107): error CS0246: The type or namespace name 'Ed2' could not be found (are you missing a using directive or an assembly reference?) [/tmp/polyxml-corpus-check-nvfe0gjk/Check.csproj]
/tmp/polyxml-corpus-check-nvfe0gjk/generated/csharp/hl7_cda/Hl7Cda.cs(58238,89): error CS0246: The type or namespace name 'Ed2' could not be found (are you missing a using directive or an assembly reference?) [/tmp/polyxml-corpus-check-nvfe0gjk/Check.csproj]
/tmp/polyxml-corpus-check-nvfe0gjk/generated/csharp/hl7_cda/Hl7Cda.cs(56082,123): error CS0246: The type or namespace name 'Sc2' could not be found (are you missing a using directive or an assembly reference?) [/tmp/polyxml-corpus-check-nvfe0gjk/Check.csproj]
/tmp/polyxml-corpus-check-nvfe0gjk/generated/csharp/hl7_cda/Hl7Cda.cs(56083,105): error CS0246: The type or namespace name 'Sc2' could not be found (are you missing a using directive or an assembly reference?) [/tmp/polyxml-corpus-check-nvfe0gjk/Check.csproj]
/tmp/polyxml-corpus-check-nvfe0gjk/generated/csharp/hl7_cda/Hl7Cda.cs(58298,89): error CS0246: The type or namespace name 'Ed2' could not be found (are you missing a using directive or an assembly reference?) [/tmp/polyxml-corpus-check-nvfe0gjk/Check.csproj]
/tmp/polyxml-corpus-check-nvfe0gjk/generated/csharp/hl7_cda/Hl7Cda.cs(57594,91): error CS0246: The type or namespace name 'Ed2' could not be found (are you missing a using directive or an assembly reference?) [/tmp/polyxml-corpus-check-nvfe0gjk/Check.csproj]
/tmp/polyxml-corpus-check-nvfe0gjk/generated/csharp/hl7_cda/Hl7Cda.cs(56609,123): error CS0246: The type or namespace name 'Sc2' could not be found (are you missing a using directive or an assembly reference?) [/tmp/polyxml-corpus-check-nvfe0gjk/Check.csproj]
/tmp/polyxml-corpus-check-nvfe0gjk/generated/csharp/hl7_cda/Hl7Cda.cs(56610,105): error CS0246: The type or namespace name 'Sc2' could not be found (are you missing a using directive or an assembly reference?) [/tmp/polyxml-corpus-check-nvfe0gjk/Check.csproj]
/tmp/polyxml-corpus-check-nvfe0gjk/generated/csharp/hl7_cda/Hl7Cda.cs(57646,89): error CS0246: The type or namespace name 'Ed2' could not be found (are you missing a using directive or an assembly reference?) [/tmp/polyxml-corpus-check-nvfe0gjk/Check.csproj]
/tmp/polyxml-corpus-check-nvfe0gjk/generated/csharp/hl7_cda/Hl7Cda.cs(56714,89): error CS0246: The type or namespace name 'Ed2' could not be found (are you missing a using directive or an assembly reference?) [/tmp/polyxml-corpus-check-nvfe0gjk/Check.csproj]
/tmp/polyxml-corpus-check-nvfe0gjk/generated/csharp/hl7_cda/Hl7Cda.cs(57320,107): error CS0246: The type or namespace name 'Ed2' could not be found (are you missing a using directive or an assembly reference?) [/tmp/polyxml-corpus-check-nvfe0gjk/Check.csproj]
/tmp/polyxml-corpus-check-nvfe0gjk/generated/csharp/hl7_cda/Hl7Cda.cs(57801,89): error CS0246: The type or namespace name 'Ed2' could not be found (are you missing a using directive or an assembly reference?) [/tmp/polyxml-corpus-check-nvfe0gjk/Check.csproj]
/tmp/polyxml-corpus-check-nvfe0gjk/generated/csharp/hl7_cda/Hl7Cda.cs(58863,89): error CS0246: The type or namespace name 'Ed2' could not be found (are you missing a using directive or an assembly reference?) [/tmp/polyxml-corpus-check-nvfe0gjk/Check.csproj]
/tmp/polyxml-corpus-check-nvfe0gjk/generated/csharp/hl7_cda/Hl7Cda.cs(57860,89): error CS0246: The type or namespace name 'Ed2' could not be found (are you missing a using directive or an assembly reference?) [/tmp/polyxml-corpus-check-nvfe0gjk/Check.csproj]
/tmp/polyxml-corpus-check-nvfe0gjk/generated/csharp/hl7_cda/Hl7Cda.cs(58915,89): error CS0246: The type or namespace name 'Ed2' could not be found (are you missing a using directive or an assembly reference?) [/tmp/polyxml-corpus-check-nvfe0gjk/Check.csproj]
/tmp/polyxml-corpus-check-nvfe0gjk/generated/csharp/hl7_cda/Hl7Cda.cs(58998,89): error CS0246: The type or namespace name 'Ed2' could not be found (are you missing a using directive or an assembly reference?) [/tmp/polyxml-corpus-check-nvfe0gjk/Check.csproj]
    0 Warning(s)
    47 Error(s)

Time Elapsed 00:00:03.16
