memcap: <=8242 MiB (60% of 13737 MiB available) [systemd MemoryMax, swap off]
[0;34m==> [1/6] Running Rust format check (cargo fmt)...[0m
[0;34m==> [2/6] Running Rust Clippy (cargo clippy -D warnings)...[0m
   Compiling pyo3-ffi v0.29.2
   Compiling pyo3 v0.29.2
    Checking polyxml-python v0.34.0 (/home/bailey/github/PolyXML/crates/polyxml-python)
    Finished `dev` profile [unoptimized + debuginfo] target(s) in 1.63s
[0;34m==> [3/6] Running Rust workspace tests (cargo test)...[0m
   Compiling pyo3-ffi v0.29.2
   Compiling pyo3 v0.29.2
   Compiling polyxml-python v0.34.0 (/home/bailey/github/PolyXML/crates/polyxml-python)
    Finished `test` profile [unoptimized + debuginfo] target(s) in 2.48s
     Running unittests src/lib.rs (target/debug/deps/polyxml-8104af384d55df84)

running 13 tests
test integer::tests::comparison_uses_sign_and_magnitude ... ok
test ir::chunker::tests::test_topological_scc_chunking_dag_invariants ... ok
test ir::root_selection_tests::field_reference_keeps_substitution_group_members ... ok
test ir::root_selection_tests::inherited_base_does_not_select_sibling_types ... ok
test ir::root_selection_tests::keeps_references_descendants_and_substitutions ... ok
test ir::root_selection_tests::rejects_missing_and_ambiguous_roots ... ok
test json::tests::test_json_deserialization_accepts_python_field_names ... ok
test json::tests::test_json_roundtrip_primitives ... ok
test tests::test_deserialization_does_not_confuse_xmlns_with_attributes ... ok
test tests::test_namespaced_serialization ... ok
test tests::test_nested_elements_and_lists ... ok
test tests::test_roundtrip_serialization_deserialization ... ok
test tests::test_streaming_xml_item_stream ... ok

test result: ok. 13 passed; 0 failed; 0 ignored; 0 measured; 0 filtered out; finished in 0.00s

     Running tests/test_adversarial_identifiers.rs (target/debug/deps/test_adversarial_identifiers-74c083cc2814ace5)

running 7 tests
test test_cpp_adversarial_compilation ... ok
test test_csharp_adversarial_compilation ... ok
test test_go_adversarial_compilation ... ok
test test_java_adversarial_compilation ... ok
test test_python_adversarial_compilation ... ok
test test_rust_adversarial_compilation ... ok
test test_typescript_adversarial_compilation ... ok

test result: ok. 7 passed; 0 failed; 0 ignored; 0 measured; 0 filtered out; finished in 4.37s

     Running tests/test_any_attribute.rs (target/debug/deps/test_any_attribute-6ebee8afccecae48)

running 1 test
test test_any_attribute_schema_parser_and_runtime_roundtrip ... ok

test result: ok. 1 passed; 0 failed; 0 ignored; 0 measured; 0 filtered out; finished in 0.00s

     Running tests/test_any_element.rs (target/debug/deps/test_any_element-df5f1a9ae29f9eb0)

running 2 tests
test test_any_element_go_codegen ... ok
test test_any_element_schema_parser_and_runtime_roundtrip ... ok

test result: ok. 2 passed; 0 failed; 0 ignored; 0 measured; 0 filtered out; finished in 0.00s

     Running tests/test_conformance.rs (target/debug/deps/test_conformance-ddebb21ed2d43783)

running 4 tests
test test_atom_feed_conformance ... ok
test test_soap_envelope_conformance ... ok
test test_streaming_catalog_conformance ... ok
test test_ubl_invoice_conformance ... ok

test result: ok. 4 passed; 0 failed; 0 ignored; 0 measured; 0 filtered out; finished in 0.02s

     Running tests/test_core.rs (target/debug/deps/test_core-c9fbaecd94534112)

running 9 tests
test integer_mappings_keep_fixed_width_builtins ... ok
test test_all_scalar_types ... ok
test test_error_handling_invalid_scalars ... ok
test test_gregorian_partial_date_lexical_validation ... ok
test test_malformed_xml_syntax_error ... ok
test test_roundtrip_serialization_with_indentation ... ok
test test_xsd_gregorian_fields_round_trip_and_reject_invalid_dates ... ok
test test_xsi_nil_handling ... ok
test unbounded_integers_round_trip_and_compare_exact_bounds ... ok

test result: ok. 9 passed; 0 failed; 0 ignored; 0 measured; 0 filtered out; finished in 0.01s

     Running tests/test_cpp_codegen.rs (target/debug/deps/test_cpp_codegen-6fe5659b580c6df3)

running 14 tests
test mixed_content_mutual_cycle_compiles ... ok
test mixed_content_self_cycle_compiles ... ok
test simple_aliases_follow_their_base_types ... ok
test test_cpp_choice_variant_compilation ... Choice pattern matching passed.
ok
test test_cpp_cmake_and_meson_generation ... ok
test test_cpp_cmake_modules_file_set ... ok
test test_cpp_from_xsd_schema ... ISO 20022 pacs.008 C++20 test passed.
ok
test test_cpp_glaze_backend_meta_generation ... ok
test test_cpp_inheritance_codegen ... Inheritance test passed.
ok
test test_cpp_mode_and_backend_from_str_loose ... ok
test test_cpp_modules_compilation ... ok
test test_cpp_recursive_cycle_unique_ptr ... Recursive tree unique_ptr passed.
ok
test test_cpp_sanitization ... ok
test test_cpp_struct_and_enum_codegen_compilation ... All C++20 tests passed successfully.
ok

test result: ok. 14 passed; 0 failed; 0 ignored; 0 measured; 0 filtered out; finished in 2.99s

     Running tests/test_csharp_codegen.rs (target/debug/deps/test_csharp_codegen-e14f6fafa549a4c8)

running 20 tests
test choice_variants_avoid_record_member_names ... ok
test element_defaults_preserve_absence_and_empty_presence ... ok
test emits_unrestricted_simple_types_and_validates_empty_records ... ok
test fixed_values_are_enforced_on_read_and_write ... ok
test lexical_union_attributes_round_trip ... ok
test nillable_enum_collection_round_trips ... ok
test particle_wire_structure_round_trips ... ok
test test_csharp_any_attribute_codegen ... ok
test test_csharp_choice_polymorphic_hierarchy ...   Determining projects to restore...
  Restored /tmp/.tmpXayLhP/PaymentsApp.csproj (in 168 ms).
  PaymentsApp -> /tmp/.tmpXayLhP/bin/Debug/net8.0/PaymentsApp.dll

Build succeeded.
    0 Warning(s)
    0 Error(s)

Time Elapsed 00:00:01.04
Choice pattern matching and XML serialization passed!
ok
test test_csharp_date_or_datetime_lexical_union ... ok
test test_csharp_mutable_inheritance_roundtrip ... ok
test test_csharp_mutable_wrappers_and_choices_without_validation ... ok
test test_csharp_record_kind_from_str_loose ... ok
test test_csharp_records_and_enums_generation ...   Determining projects to restore...
  Restored /tmp/.tmpvOsCJe/CrmApp.csproj (in 172 ms).
  CrmApp -> /tmp/.tmpvOsCJe/bin/Debug/net8.0/CrmApp.dll

Build succeeded.
    0 Warning(s)
    0 Error(s)

Time Elapsed 00:00:01.05
Customer C# tests passed cleanly!
ok
test test_csharp_recursive_cycle ...   Determining projects to restore...
  Restored /tmp/.tmpUEO1Os/TreeApp.csproj (in 168 ms).
  TreeApp -> /tmp/.tmpUEO1Os/bin/Debug/net8.0/TreeApp.dll

Build succeeded.
    0 Warning(s)
    0 Error(s)

Time Elapsed 00:00:01.01
Recursive tree C# tests passed cleanly!
ok
test test_csharp_sanitization ... ok
test test_csharp_sequence_nested_inside_choice_codegen ... ok
test test_csharp_simple_content_class_validator_and_unsealed_records ... ok
test test_csharp_source_gen_context ... ok
test unbounded_integer_xml_preserves_digits ... ok

test result: ok. 20 passed; 0 failed; 0 ignored; 0 measured; 0 filtered out; finished in 43.94s

     Running tests/test_go_codegen.rs (target/debug/deps/test_go_codegen-a7347f180aa3964a)

running 24 tests
test abstract_substitution_heads_are_rejected ... ok
test duplicate_choice_names_reject_invalid_branch_shapes ... ok
test nested_lexical_unions_compile_and_round_trip_in_go ... ok
test ordered_particles_and_choice_branches_round_trip ... ok
test referenced_element_uses_declared_type_after_includes ... ok
test repeated_choice_branch_rejects_mixed_and_empty_selections ... ok
test repeated_sequence_groups_enforce_bounds_and_order ... ok
test root_alias_names_are_unique_after_go_normalization ... ok
test roots_and_union_attributes_round_trip ... ok
test separate_choices_enforce_each_group ... ok
test temporal_scalars_preserve_xsd_lexical_values ... ok
test test_go_abstract_xsi_type_dispatch ... ok
test test_go_any_attribute_codegen ... ok
test test_go_backend_from_str_loose ... ok
test test_go_choice_mutual_exclusivity ... go: creating new go.mod: module payments
go: to add module requirements and sums:
	go mod tidy
=== RUN   TestChoiceMutualExclusivity
    payments_test.go:44: Correctly rejected concurrent choice branches: choice ContactChoice mutual exclusivity violation: multiple branches populated (2)
--- PASS: TestChoiceMutualExclusivity (0.00s)
PASS
ok  	payments	0.002s
ok
test test_go_date_or_datetime_lexical_union ... ok
test test_go_easyjson_backend ... ok
test test_go_enum_only_schema_omits_unused_xml_import ... ok
test test_go_namespaced_element_ref_matching ... ok
test test_go_recursive_cycle_pointers ... go: creating new go.mod: module tree
go: to add module requirements and sums:
	go mod tidy
=== RUN   TestRecursiveTree
--- PASS: TestRecursiveTree (0.00s)
PASS
ok  	tree	0.002s
ok
test test_go_sanitization ... ok
test test_go_sonic_backend ... ok
test test_go_struct_and_enum_generation ... go: creating new go.mod: module crm
go: to add module requirements and sums:
	go mod tidy
=== RUN   TestCustomerRoundtrip
--- PASS: TestCustomerRoundtrip (0.00s)
PASS
ok  	crm	0.002s
ok
test unbounded_integer_xml_preserves_digits ... ok

test result: ok. 24 passed; 0 failed; 0 ignored; 0 measured; 0 filtered out; finished in 2.65s

     Running tests/test_java_codegen.rs (target/debug/deps/test_java_codegen-ba857995c2a9d29a)

running 17 tests
test jackson3_preserves_core_annotations_and_maps_record_text ... ok
test test_direct_codec_rejects_wildcards_and_name_collisions ... ok
test test_java_bean_validation_annotations_are_opt_in ... ok
test test_java_direct_nil_lists_choices_and_namespaces ... ok
test test_java_identifier_sanitization ... ok
test test_java_jackson_backend_enum_annotations ... ok
test test_java_jackson_backend_from_str_loose ... ok
test test_java_jackson_backend_simple_type_annotations ... ok
test test_java_jackson_backend_struct_annotations ... ok
test test_java_jackson_backend_union_annotations ... ok
test test_java_module_container_class ... ok
test test_java_mutable_builders_and_direct_codecs_execute ... ok
test test_java_plain_record_extension_javac_execute ... ok
test test_java_plain_record_inlines_base_fields ... ok
test test_java_record_builder_and_nested_codec_execute ... ok
test test_java_records_and_enums_generation ... ok
test test_java_sealed_interface_choice ... ok

test result: ok. 17 passed; 0 failed; 0 ignored; 0 measured; 0 filtered out; finished in 4.92s

     Running tests/test_json.rs (target/debug/deps/test_json-a38621c4e632a1c2)

running 4 tests
test test_json_nested_objects_and_lists ... ok
test test_json_primitives_and_alias_modes ... ok
test test_json_scalar_coercion ... ok
test test_polyvalue_direct_json_methods ... ok

test result: ok. 4 passed; 0 failed; 0 ignored; 0 measured; 0 filtered out; finished in 0.00s

     Running tests/test_lexical_lists.rs (target/debug/deps/test_lexical_lists-47983578ec88f15c)

running 2 tests
test named_list_items_enforce_facets_and_enumerations ... ok
test typed_lexical_lists_round_trip_across_codecs ... ok

test result: ok. 2 passed; 0 failed; 0 ignored; 0 measured; 0 filtered out; finished in 4.73s

     Running tests/test_lexical_union_codegen.rs (target/debug/deps/test_lexical_union_codegen-397c1d89fb702e65)

running 2 tests
test lexical_union_xml_selects_first_valid_member_and_round_trips ... ok
test lexical_unions_are_typed_in_all_targets ... ok

test result: ok. 2 passed; 0 failed; 0 ignored; 0 measured; 0 filtered out; finished in 0.01s

     Running tests/test_mixed_content.rs (target/debug/deps/test_mixed_content-5dfcf3b02dd5c226)

running 5 tests
test generated_models_keep_typed_content_items_in_all_targets ... ok
test mixed_content_preserves_nested_child_order ... ok
test mixed_content_preserves_text_and_child_order ... ok
test mixed_items_field_avoids_existing_attribute_name ... ok
test parser_builds_ordered_mixed_content_union ... ok

test result: ok. 5 passed; 0 failed; 0 ignored; 0 measured; 0 filtered out; finished in 0.00s

     Running tests/test_pattern_codegen.rs (target/debug/deps/test_pattern_codegen-ade912cd67745d39)

running 9 tests
test generated_cpp_pattern_validation ... ok
test generated_csharp_pattern_validation ... ok
test generated_go_pattern_validation_and_xml_roundtrip ... ok
test generated_java_pattern_validation_and_direct_codecs ... ok
test generated_python_pattern_validation ... ok
test generated_rust_pattern_validation_and_xml_roundtrip ... ok
test generated_typescript_pattern_validation_all_backends ... ok
test gregorian_primitives_emit_validated_types_across_targets ... ok
test pattern_restrictions_preserve_or_groups_and_inherited_and_steps ... ok

test result: ok. 9 passed; 0 failed; 0 ignored; 0 measured; 0 filtered out; finished in 7.03s

     Running tests/test_python_codegen.rs (target/debug/deps/test_python_codegen-982255efcc15b119)

running 16 tests
test multiline_xsd_documentation_stays_inside_python_comments ... ok
test quoted_docstrings_preserve_text_and_remain_valid_python ... ok
test test_identifier_sanitization ... ok
test test_python_abstract_meta_emission ... ok
test test_python_any_attribute_codegen ... ok
test test_python_any_element_codegen ... ok
test test_python_aot_codegen ... ok
test test_python_choice_union_codegen ... ok
test test_python_codecs_generation ... ok
test test_python_dataclass_codegen ... ok
test test_python_derived_meta_inheritance ... ok
test test_python_generated_tag_and_custom_header ... ok
test test_python_pydantic_codegen_with_facets ... ok
test test_python_recursive_type_codegen ... ok
test test_python_sequence_nested_inside_choice_codegen ... ok
test test_python_simplecontent_default_factory ... ok

test result: ok. 16 passed; 0 failed; 0 ignored; 0 measured; 0 filtered out; finished in 0.05s

     Running tests/test_qualified_attributes.rs (target/debug/deps/test_qualified_attributes-42e694f567b4e83c)

running 1 test
test global_attribute_references_round_trip_by_namespace ... ok

test result: ok. 1 passed; 0 failed; 0 ignored; 0 measured; 0 filtered out; finished in 3.00s

     Running tests/test_rust_codecs.rs (target/debug/deps/test_rust_codecs-b9a3d84e8e4680a4)

running 4 tests
test test_empty_element_codec ... ok
test test_facet_validation_min_max_length ... ok
test test_order_choice_roundtrip ... ok
test test_recursive_boxing_roundtrip ... ok

test result: ok. 4 passed; 0 failed; 0 ignored; 0 measured; 0 filtered out; finished in 0.00s

     Running tests/test_rust_codegen.rs (target/debug/deps/test_rust_codegen-ade97841a8a09ca2)

running 23 tests
test binary_lexical_values_compile_and_round_trip_in_owned_and_borrowed_modes ... ok
test multiline_docs_and_raw_field_names_are_valid_source ... ok
test test_rust_attribute_codec_loop_syntax ... ok
test test_rust_choice_union_codegen ... ok
test test_rust_codecs_codegen ... ok
test test_rust_digit_prefixed_module_sanitization ... ok
test test_rust_enum_and_methods ... ok
test test_rust_extension_base_cycle_cut ... ok
test test_rust_extension_codecs_decode_and_encode_base_fields ... ok
test test_rust_extension_inlines_base_fields ... ok
test test_rust_identifier_sanitization ... ok
test test_rust_owned_codegen ... ok
test test_rust_phf_dispatch_emission ... ok
test test_rust_phf_dispatch_union_groups_branch_tags ... ok
test test_rust_phf_dispatch_uniquifies_like_field_metas ... ok
test test_rust_read_element_text_accumulates_refs_and_cdata ... ok
test test_rust_recursive_cycle_boxing ... ok
test test_rust_rkyv_derives ... ok
test test_rust_simple_content_extension_shadow_rule ... ok
test test_rust_simple_content_text_codec ... ok
test test_rust_simple_type_cycle_resilience ... ok
test test_rust_topological_scc_chunking ... ok
test test_rust_zero_copy_codegen ... ok

test result: ok. 23 passed; 0 failed; 0 ignored; 0 measured; 0 filtered out; finished in 2.94s

     Running tests/test_schema_audit.rs (target/debug/deps/test_schema_audit-e5a2958b9a0131df)

running 13 tests
test all_languages_disambiguate_flat_collision ... ok
test chameleon_include_adopts_including_namespace_per_includer ... ok
test derived_simple_type_inherits_base_patterns ... ok
test diamond_includes_do_not_duplicate_upa_source_documents ... ok
test distinct_values_with_colliding_variant_names_stay_unique ... ok
test duplicate_enumeration_values_are_deduped ... ok
test generated_rust_has_no_deny_unknown_fields ... ok
test named_group_reference_fields_are_parsed ... ok
test nested_inline_complex_type_is_extracted_not_leaked ... ok
test quick_xml_serde_skips_unknown_elements ... ok
test restricted_simple_types_emit_named_aliases ... ok
test rust_flat_output_has_no_colliding_type_names ... ok
test simple_content_extension_emits_value_field ... ok

test result: ok. 13 passed; 0 failed; 0 ignored; 0 measured; 0 filtered out; finished in 0.01s

     Running tests/test_schema_ir.rs (target/debug/deps/test_schema_ir-1fc4e6a9c9307572)

running 17 tests
test consumed_child_subtrees_do_not_swallow_following_types ... ok
test consumed_particles_do_not_swallow_following_declarations ... ok
test derived_complex_type_keeps_base_and_bounded_choice ... ok
test global_attribute_reference_uses_declared_type ... ok
test missing_included_schema_is_an_error ... ok
test schema_errors_preserve_forward_imports_and_annotation_payloads ... ok
test test_language_context_adapter ... ok
test test_list_fields_do_not_trigger_spurious_cycles ... ok
test test_minijinja_template_engine_and_filters ... ok
test test_parse_choice_as_union ... ok
test test_parse_complex_type_and_facets ... ok
test test_parse_lexical_union_member_types_and_inline_members ... ok
test test_sequence_nested_inside_choice_preserved_in_ir ... ok
test test_substitution_groups ... ok
test test_tarjan_mutual_recursive_cycle_detection_and_boxing ... ok
test test_tarjan_self_recursive_cycle_detection_and_boxing ... ok
test xml_prefix_is_available_without_explicit_declaration ... ok

test result: ok. 17 passed; 0 failed; 0 ignored; 0 measured; 0 filtered out; finished in 0.01s

     Running tests/test_security.rs (target/debug/deps/test_security-c33935f55db717ab)

running 6 tests
test test_cdata_section_handling ... ok
test test_malformed_unclosed_cdata_rejection ... ok
test test_max_depth_recursion_limit ... ok
test test_numeric_character_references ... ok
test test_xml_entity_roundtrip_escaping ... ok
test unsupported_general_entities_are_rejected ... ok

test result: ok. 6 passed; 0 failed; 0 ignored; 0 measured; 0 filtered out; finished in 0.00s

     Running tests/test_temporal_union.rs (target/debug/deps/test_temporal_union-f837327ebdb413a7)

running 2 tests
test csharp_temporal_union_preserves_branches_and_lexicals ... ok
test go_temporal_union_preserves_branches_and_lexicals ... ok

test result: ok. 2 passed; 0 failed; 0 ignored; 0 measured; 0 filtered out; finished in 3.13s

     Running tests/test_transcoder.rs (target/debug/deps/test_transcoder-bc1347127b772b35)

running 6 tests
test test_schema_directed_transcoding ... ok
test test_schema_from_ir_transcoding ... ok
test test_schemaless_preserves_refs_cdata_and_attr_entities ... ok
test test_schemaless_pretty_transcoding ... ok
test test_schemaless_xml_to_json_and_back ... ok
test test_transcoder_errors ... ok

test result: ok. 6 passed; 0 failed; 0 ignored; 0 measured; 0 filtered out; finished in 0.00s

     Running tests/test_ts_codegen.rs (target/debug/deps/test_ts_codegen-51d88ffd3bfbcfe2)

running 9 tests
test mixed_content_inheritance_compiles_with_widened_items ... ok
test test_ts_backend_from_str_loose ... ok
test test_ts_discriminated_union_choice ... ok
test test_ts_identifier_sanitization ... ok
test test_ts_interface_and_enum_codegen ... ok
test test_ts_recursive_cycle_zod_lazy ... ok
test test_ts_typebox_schema_generation ... ok
test test_ts_valibot_schema_generation ... ok
test test_ts_zod_schema_generation ... ok

test result: ok. 9 passed; 0 failed; 0 ignored; 0 measured; 0 filtered out; finished in 0.33s

     Running tests/test_ubl_csharp.rs (target/debug/deps/test_ubl_csharp-ce05e4820d535b10)

running 2 tests
test multi_namespace_roots_and_inherited_simple_content_compile_and_round_trip ... ok
test unprefixed_xsd_builtin_simple_content_base_uses_default_namespace ... ok

test result: ok. 2 passed; 0 failed; 0 ignored; 0 measured; 0 filtered out; finished in 2.93s

     Running tests/test_unbounded_choice.rs (target/debug/deps/test_unbounded_choice-9b4731102623688b)

running 1 test
test test_unbounded_choice_ir_and_all_targets ... go: creating new go.mod: module testmod
go: to add module requirements and sums:
	go mod tidy
=== RUN   TestUnboundedChoiceOrder
--- PASS: TestUnboundedChoiceOrder (0.00s)
PASS
ok  	testmod	0.002s
ok

test result: ok. 1 passed; 0 failed; 0 ignored; 0 measured; 0 filtered out; finished in 0.14s

     Running tests/test_upa.rs (target/debug/deps/test_upa-3b2b505a52eeb49a)

running 6 tests
test all_groups_and_wildcard_namespaces_are_checked ... ok
test imported_groups_and_chameleon_wildcards_keep_source_namespaces ... ok
test local_form_and_in_scope_qnames_distinguish_namespaces ... ok
test model_groups_derivation_and_substitution_members_are_checked ... ok
test occurrence_ranges_keep_particle_identity_and_count_boundaries ... ok
test optional_siblings_and_choice_lookahead_violate_upa ... ok

test result: ok. 6 passed; 0 failed; 0 ignored; 0 measured; 0 filtered out; finished in 0.01s

     Running tests/test_value_constraints.rs (target/debug/deps/test_value_constraints-dd8fcd86324bf08b)

running 2 tests
test fixed_constraints_cover_input_and_output_in_value_space ... ok
test repeated_particle_cardinality_belongs_to_the_group ... ok

test result: ok. 2 passed; 0 failed; 0 ignored; 0 measured; 0 filtered out; finished in 0.00s

     Running tests/test_xsi_type.rs (target/debug/deps/test_xsi_type-0295daf9d9783d82)

running 11 tests
test abstract_type_requires_concrete_selector ... ok
test abstract_type_without_derivations_errors ... ok
test from_ir_flattens_base_fields_and_registers_variants ... ok
test iterparse_dispatches_each_streamed_item ... ok
test nested_xsi_type_dispatch_and_round_trip ... ok
test nil_abstract_complex_type_skips_concrete_dispatch ... ok
test plain_type_attribute_is_not_mistaken_for_dispatch ... ok
test root_xsi_type_dispatch_including_empty_element ... ok
test unknown_xsi_type_on_abstract_type_errors ... ok
test variant_serialization_requires_namespaces ... ok
test xsi_type_resolves_namespace_inherited_from_parent ... ok

test result: ok. 11 passed; 0 failed; 0 ignored; 0 measured; 0 filtered out; finished in 0.01s

     Running unittests src/lib.rs (target/debug/deps/polyxml-ebea4fb9745d044a)

running 2 tests
test tests::test_c_abi_namespaced_roundtrip ... ok
test tests::test_c_abi_nested_list_batch_roundtrip ... ok

test result: ok. 2 passed; 0 failed; 0 ignored; 0 measured; 0 filtered out; finished in 0.00s

     Running unittests src/lib.rs (target/debug/deps/polyxml_cli-aecb0c68e6e660ce)

running 0 tests

test result: ok. 0 passed; 0 failed; 0 ignored; 0 measured; 0 filtered out; finished in 0.00s

     Running unittests src/main.rs (target/debug/deps/polyxml-000702820f7037ef)

running 0 tests

test result: ok. 0 passed; 0 failed; 0 ignored; 0 measured; 0 filtered out; finished in 0.00s

     Running tests/test_cli.rs (target/debug/deps/test_cli-c2f642bd075685e5)

running 46 tests
test bash_completion_filters_values_in_the_shell ... ok
test completion_candidates_follow_target_validation ... ok
test fish_completion_filters_values_when_available ... ok
test imported_substitution_helpers_do_not_require_spurious_module_owners ... ok
test invalid_schema_grammar_and_types_fail_before_generation ... ok
test jackson3_cli_and_manifest_emit_equivalent_models ... ok
test manifest_generation_does_not_ignore_cli_overrides ... ok
test python_features_respect_manifest_false_values_and_backend ... ok
test test_cli_build_polyxml_manifest_with_new_features ... Loading manifest: /tmp/.tmpMcCXlL/polyxml.toml
Compiling schema: /tmp/.tmpMcCXlL/model.xsd
  Namespace: urn:app
  Types: 1 total (1 structs, 0 enums, 0 unions, 0 simple restrictions)
  Root elements: 0
Emitting target [csharp] into /tmp/.tmpMcCXlL/cs
Emitting target [ts] into /tmp/.tmpMcCXlL/ts
Emitting target [go] into /tmp/.tmpMcCXlL/go
Emitting target [rust] into /tmp/.tmpMcCXlL/rs
Build finished successfully.
ok
test test_cli_cpp_generation ... E2E C++20 driver passed!
ok
test test_cli_cpp_modules_and_glaze ... ok
test test_cli_csharp_generation ...   Determining projects to restore...
  Restored /tmp/.tmputd4lD/cli_csharp_app/CrmCliApp.csproj (in 172 ms).
  CrmCliApp -> /tmp/.tmputd4lD/cli_csharp_app/bin/Debug/net8.0/CrmCliApp.dll

Build succeeded.
    0 Warning(s)
    0 Error(s)

Time Elapsed 00:00:01.02
E2E C# CLI test passed successfully!
ok
test test_cli_csharp_source_gen_and_record_struct ... Parsing schema: /tmp/.tmpLIN5Yo/customer.xsd
  Namespace: urn:crm
  Types: 1 total (1 structs, 0 enums, 0 unions, 0 simple restrictions)
  Root elements: 0
Code generation complete.
ok
test test_cli_generate_custom_header_and_generated_tags ... ok
test test_cli_generate_dry_run ... ok
test test_cli_generate_help ... ok
test test_cli_generate_multi_lang ... ok
test test_cli_generate_python_backends ... ok
test test_cli_generate_rust_zero_copy_and_owned ... ok
test test_cli_go_easyjson_and_sonic_backend ... Parsing schema: /tmp/.tmpmQFoil/service.xsd
  Namespace: urn:service
  Types: 1 total (1 structs, 0 enums, 0 unions, 0 simple restrictions)
  Root elements: 0
Code generation complete.
Parsing schema: /tmp/.tmpmQFoil/service.xsd
  Namespace: urn:service
  Types: 1 total (1 structs, 0 enums, 0 unions, 0 simple restrictions)
  Root elements: 0
Code generation complete.
ok
test test_cli_go_generation ... go: creating new go.mod: module crm
go: to add module requirements and sums:
	go mod tidy
=== RUN   TestAccountE2E
--- PASS: TestAccountE2E (0.00s)
PASS
ok  	crm	0.002s
ok
test test_cli_help ... ok
test test_cli_java_generation ... ok
test test_cli_manifest_custom_header_workspace_and_target_override ... Loading manifest: /tmp/.tmpMBtdyi/polyxml.toml
Compiling schema: /tmp/.tmpMBtdyi/schema.xsd
  Types: 1 total (1 structs, 0 enums, 0 unions, 0 simple restrictions)
  Root elements: 0
Emitting target [rust] into /tmp/.tmpMBtdyi/rs
Emitting target [go] into /tmp/.tmpMBtdyi/go
Emitting target [csharp] into /tmp/.tmpMBtdyi/cs
Build finished successfully.
ok
test test_cli_multiple_root_element_selection ... ok
test test_cli_python_aot_generation ... ok
test test_cli_python_aot_rejects_dataclass_style_and_slots ... ok
test test_cli_root_element_selection ... ok
test test_cli_rust_phf_feature ... Parsing schema: /tmp/.tmptPkZMS/event.xsd
  Namespace: urn:events
  Types: 1 total (1 structs, 0 enums, 0 unions, 0 simple restrictions)
  Root elements: 0
Code generation complete.
ok
test test_cli_rust_rkyv_feature ... Parsing schema: /tmp/.tmp4P1l3E/event.xsd
  Namespace: urn:events
  Types: 1 total (1 structs, 0 enums, 0 unions, 0 simple restrictions)
  Root elements: 0
Code generation complete.
ok
test test_cli_rust_split_units_and_chunking ... ok
test test_cli_shared_modules_deduplication ... ok
test test_cli_transcode_bidirectional ... ok
test test_cli_typescript_generation ... ok
test test_cli_typescript_valibot_and_typebox_backend ... Parsing schema: /tmp/.tmppwqis7/item.xsd
  Namespace: urn:store
  Types: 1 total (1 structs, 0 enums, 0 unions, 0 simple restrictions)
  Root elements: 0
Code generation complete.
Parsing schema: /tmp/.tmppwqis7/item.xsd
  Namespace: urn:store
  Types: 1 total (1 structs, 0 enums, 0 unions, 0 simple restrictions)
  Root elements: 0
Code generation complete.
ok
test test_cli_validate_valid_and_invalid ... ok
test test_java_csharp_model_style_options_and_manifest ... ok
test test_polyxml_toml_manifest_build ... ok
test test_root_selection_keeps_imported_module_types ... ok
test unified_help_shows_generation_options ... ok
test unified_manifest_forms_generate_identical_output_and_validate_early ... ok
test unified_options_fail_before_schema_io_including_dry_run ... ok
test unified_supported_backends_and_styles_validate ... ok
test unsupported_xsd_alternatives_fail_explicitly ... ok
test validate_and_generate_reject_upa_violations ... ok
test zsh_completion_filters_values_when_available ... ok

test result: ok. 46 passed; 0 failed; 0 ignored; 0 measured; 0 filtered out; finished in 17.32s

     Running unittests src/lib.rs (target/debug/deps/polyxml_js-c71028f0614a131e)

running 0 tests

test result: ok. 0 passed; 0 failed; 0 ignored; 0 measured; 0 filtered out; finished in 0.00s

     Running unittests src/lib.rs (target/debug/deps/_polyxml-4e5402944d7d9f5f)

running 0 tests

test result: ok. 0 passed; 0 failed; 0 ignored; 0 measured; 0 filtered out; finished in 0.00s

     Running unittests src/lib.rs (target/debug/deps/polyxml_wasm-672b9ed0d881c73a)

running 0 tests

test result: ok. 0 passed; 0 failed; 0 ignored; 0 measured; 0 filtered out; finished in 0.00s

   Doc-tests polyxml

running 0 tests

test result: ok. 0 passed; 0 failed; 0 ignored; 0 measured; 0 filtered out; finished in 0.00s

   Doc-tests polyxml_cli

running 0 tests

test result: ok. 0 passed; 0 failed; 0 ignored; 0 measured; 0 filtered out; finished in 0.00s

   Doc-tests polyxml_wasm

running 0 tests

test result: ok. 0 passed; 0 failed; 0 ignored; 0 measured; 0 filtered out; finished in 0.00s

[0;34m==> [4/6] Compiling Python PyO3 extension (maturin develop)...[0m
🍹 Building a mixed python/rust project
🐍 Found CPython 3.14 at /home/bailey/github/PolyXML/.venv/bin/python
🔗 Found pyo3 bindings with abi3-py3.12 support
📡 Using build options features from pyproject.toml
Using Python 3.14.4 environment at: /home/bailey/github/PolyXML/.venv
Checked 6 packages in 1ms
   Compiling pyo3-ffi v0.29.2
   Compiling pyo3 v0.29.2
   Compiling polyxml v0.34.0 (/home/bailey/github/PolyXML/crates/polyxml-core)
   Compiling polyxml-python v0.34.0 (/home/bailey/github/PolyXML/crates/polyxml-python)
    Finished `dev` profile [unoptimized + debuginfo] target(s) in 4.71s
📦 Built wheel for abi3 Python ≥ 3.12 to /tmp/.tmpn7QDqH/polyxml-0.34.0-cp312-abi3-linux_x86_64.whl
✏️ Setting installed package as editable
🛠 Installed polyxml-0.34.0
[0;34m==> [5/6] Running Python Ruff checks...[0m
All checks passed!
10 files already formatted
[0;34m==> [6/6] Running Python tests with 100% statement & branch coverage...[0m
[32m.[0m[32m.[0m[32m.[0m[32m.[0m[32m.[0m[32m.[0m[32m.[0m[32m.[0m[32m.[0m[32m.[0m[32m.[0m[32m.[0m[32m.[0m[32m.[0m[32m.[0m[32m.[0m[32m.[0m[32m.[0m[32m.[0m[32m.[0m[32m.[0m[32m.[0m[32m.[0m[32m.[0m[32m.[0m[32m.[0m[32m.[0m[32m.[0m[32m.[0m[32m.[0m[32m.[0m[32m.[0m[32m.[0m[32m.[0m[32m.[0m[32m.[0m[32m.[0m[32m.[0m[32m.[0m[32m.[0m[32m.[0m[32m.[0m[32m.[0m[32m.[0m[32m.[0m[32m.[0m[32m.[0m[32m.[0m[32m.[0m[32m.[0m[32m.[0m[32m.[0m[32m.[0m[32m.[0m[32m.[0m[32m.[0m[32m.[0m[32m.[0m[32m.[0m[32m.[0m[32m.[0m[32m.[0m[32m.[0m[32m.[0m[32m.[0m[32m.[0m[32m.[0m[32m.[0m[32m.[0m[32m.[0m[32m.[0m[32m.[0m[32m [ 64%]
[0m[32m.[0m[32m.[0m[32m.[0m[32m.[0m[32m.[0m[32m.[0m[32m.[0m[32m.[0m[32m.[0m[32m.[0m[32m.[0m[32m.[0m[32m.[0m[32m.[0m[32m.[0m[32m.[0m[32m.[0m[32m.[0m[32m.[0m[32m.[0m[32m.[0m[32m.[0m[32m.[0m[32m.[0m[32m.[0m[32m.[0m[32m.[0m[32m.[0m[32m.[0m[32m.[0m[32m.[0m[32m.[0m[32m.[0m[32m.[0m[32m.[0m[32m.[0m[32m.[0m[32m.[0m[32m.[0m[32m.[0m[32m                                 [100%][0m
================================ tests coverage ================================
_______________ coverage: platform linux, python 3.14.4-final-0 ________________

Name    Stmts   Miss Branch BrPart  Cover   Missing
---------------------------------------------------
TOTAL     181      0     58      0   100%

3 files skipped due to complete coverage.
[32mRequired test coverage of 100% reached. Total coverage: 100.00%
[0m[32m[32m[1m112 passed[0m[32m in 0.51s[0m[0m
[0;32m✨ All PolyXML dual-language quality gates passed![0m
[0;34m==> Building polyxml CLI binary...[0m
[0;34m==> Testing code generation across all 7 target ecosystems...[0m
  • Rust (--feature zero-copy,rkyv,phf)... [0;32mOK[0m
  • Python (dataclasses)... [0;32mOK[0m
  • Python (pydantic-v2)... [0;32mOK[0m
  • C++20 (headers + glaze)... [0;32mOK[0m
  • C++20 (modules)... [0;32mOK[0m
  • Java 22+ (standard records)... [0;32mOK[0m
  • Java 22+ (jackson)... [0;32mOK[0m
  • Java (POJO + builder + direct codec)... [0;32mOK[0m
  • TypeScript (zod)... [0;32mOK[0m
  • TypeScript (valibot)... [0;32mOK[0m
  • TypeScript (typebox)... [0;32mOK[0m
  • Go (standard)... [0;32mOK[0m
  • Go (sonic)... [0;32mOK[0m
  • Go (easyjson)... [0;32mOK[0m
  • C# (record class)... [0;32mOK[0m
  • C# (record struct + source-gen)... [0;32mOK[0m
  • C# (mutable class + source-gen)... [0;32mOK[0m
[0;32m✨ Multi-target smoke verification passed completely across all 7 ecosystems![0m
Downloading lxml (5.0MiB)
 Downloaded lxml
Installed 1 package in 3ms
PASS: 507 decisions match Xerces (380 accepted, 127 rejected); libxml2 differs on 28, .NET 8 differs on 3
Build started
No issues found
Build finished in 0.78s
