    Updating crates.io index
     Locking 34 packages to highest compatible versions
   Compiling proc-macro2 v1.0.107
   Compiling unicode-ident v1.0.26
   Compiling quote v1.0.47
   Compiling syn v3.0.6
   Compiling serde_core v1.0.229
    Checking memchr v2.8.3
    Checking lexical-util v1.0.7
   Compiling serde v1.0.229
   Compiling serde_derive v1.0.229
    Checking siphasher v1.0.4
   Compiling zmij v1.0.23
    Checking phf_shared v0.14.0
    Checking lexical-write-integer v1.0.6
    Checking lexical-parse-integer v1.0.6
    Checking aho-corasick v1.1.5
    Checking fastrand v2.5.0
   Compiling serde_json v1.0.151
    Checking regex-syntax v0.8.11
   Compiling thiserror v2.0.21
    Checking regex-automata v0.4.18
    Checking phf_generator v0.14.0
    Checking lexical-parse-float v1.0.6
    Checking lexical-write-float v1.0.6
   Compiling thiserror-impl v2.0.21
    Checking itoa v1.0.18
    Checking memo-map v0.3.4
    Checking minijinja v2.24.0
    Checking lexical-core v1.0.6
    Checking phf_codegen v0.14.0
    Checking regex v1.13.1
    Checking quick-xml v0.42.0
    Checking smallvec v1.16.2
    Checking heck v0.5.0
    Checking polyxml v0.34.0 (/home/bailey/github/PolyXML/crates/polyxml-core)
    Checking corpus_check v0.1.0 (/tmp/polyxml-corpus-check-nup_tjcl/generated/rust)
