  Determining projects to restore...
  Restored /tmp/polyxml-corpus-check-ph681rg4/Check.csproj (in 159 ms).
/tmp/polyxml-corpus-check-ph681rg4/generated/csharp/transit_netex/TransitNetex.cs(195041,2): error CS0579: Duplicate 'XmlRoot' attribute [/tmp/polyxml-corpus-check-ph681rg4/Check.csproj]
/tmp/polyxml-corpus-check-ph681rg4/generated/csharp/transit_netex/TransitNetex.cs(195345,2): error CS0579: Duplicate 'XmlRoot' attribute [/tmp/polyxml-corpus-check-ph681rg4/Check.csproj]
/tmp/polyxml-corpus-check-ph681rg4/generated/csharp/transit_netex/TransitNetex.cs(217296,46): warning CS0109: The member 'WheelchairVehicleEquipmentVersionStructure.Validate(ValidationContext)' does not hide an accessible member. The new keyword is not required. [/tmp/polyxml-corpus-check-ph681rg4/Check.csproj]
/tmp/polyxml-corpus-check-ph681rg4/generated/csharp/transit_netex/TransitNetex.cs(195370,48): error CS0246: The type or namespace name 'StopPlaceComponentVersionStructure' could not be found (are you missing a using directive or an assembly reference?) [/tmp/polyxml-corpus-check-ph681rg4/Check.csproj]
/tmp/polyxml-corpus-check-ph681rg4/generated/csharp/transit_netex/TransitNetex.cs(217443,46): warning CS0109: The member 'WhitelistVersionStructure.Validate(ValidationContext)' does not hide an accessible member. The new keyword is not required. [/tmp/polyxml-corpus-check-ph681rg4/Check.csproj]
/tmp/polyxml-corpus-check-ph681rg4/generated/csharp/transit_netex/TransitNetex.cs(196055,2): error CS0579: Duplicate 'XmlRoot' attribute [/tmp/polyxml-corpus-check-ph681rg4/Check.csproj]
/tmp/polyxml-corpus-check-ph681rg4/generated/csharp/transit_netex/TransitNetex.cs(166858,46): warning CS0109: The member 'OperatorVersionStructure.Validate(ValidationContext)' does not hide an accessible member. The new keyword is not required. [/tmp/polyxml-corpus-check-ph681rg4/Check.csproj]
/tmp/polyxml-corpus-check-ph681rg4/generated/csharp/transit_netex/TransitNetex.cs(196211,2): error CS0579: Duplicate 'XmlRoot' attribute [/tmp/polyxml-corpus-check-ph681rg4/Check.csproj]
/tmp/polyxml-corpus-check-ph681rg4/generated/csharp/transit_netex/TransitNetex.cs(196536,2): error CS0579: Duplicate 'XmlRoot' attribute [/tmp/polyxml-corpus-check-ph681rg4/Check.csproj]
/tmp/polyxml-corpus-check-ph681rg4/generated/csharp/transit_netex/TransitNetex.cs(209969,2): error CS0579: Duplicate 'XmlRoot' attribute [/tmp/polyxml-corpus-check-ph681rg4/Check.csproj]
/tmp/polyxml-corpus-check-ph681rg4/generated/csharp/transit_netex/TransitNetex.cs(151801,2): error CS0579: Duplicate 'XmlRoot' attribute [/tmp/polyxml-corpus-check-ph681rg4/Check.csproj]
/tmp/polyxml-corpus-check-ph681rg4/generated/csharp/transit_netex/TransitNetex.cs(184989,2): error CS0579: Duplicate 'XmlRoot' attribute [/tmp/polyxml-corpus-check-ph681rg4/Check.csproj]
/tmp/polyxml-corpus-check-ph681rg4/generated/csharp/transit_netex/TransitNetex.cs(167301,46): warning CS0109: The member 'OrganisationViewType.Validate(ValidationContext)' does not hide an accessible member. The new keyword is not required. [/tmp/polyxml-corpus-check-ph681rg4/Check.csproj]
/tmp/polyxml-corpus-check-ph681rg4/generated/csharp/transit_netex/TransitNetex.cs(139495,2): error CS0579: Duplicate 'XmlRoot' attribute [/tmp/polyxml-corpus-check-ph681rg4/Check.csproj]
/tmp/polyxml-corpus-check-ph681rg4/generated/csharp/transit_netex/TransitNetex.cs(176799,5): error CS0246: The type or namespace name 'FareProductVersionStructure' could not be found (are you missing a using directive or an assembly reference?) [/tmp/polyxml-corpus-check-ph681rg4/Check.csproj]
/tmp/polyxml-corpus-check-ph681rg4/generated/csharp/transit_netex/TransitNetex.cs(167625,46): warning CS0109: The member 'OrganisationalUnitVersionStructure.Validate(ValidationContext)' does not hide an accessible member. The new keyword is not required. [/tmp/polyxml-corpus-check-ph681rg4/Check.csproj]
/tmp/polyxml-corpus-check-ph681rg4/generated/csharp/transit_netex/TransitNetex.cs(167646,46): warning CS0109: The member 'OtherOrganisationType.Validate(ValidationContext)' does not hide an accessible member. The new keyword is not required. [/tmp/polyxml-corpus-check-ph681rg4/Check.csproj]
/tmp/polyxml-corpus-check-ph681rg4/generated/csharp/transit_netex/TransitNetex.cs(139877,2): error CS0579: Duplicate 'XmlRoot' attribute [/tmp/polyxml-corpus-check-ph681rg4/Check.csproj]
/tmp/polyxml-corpus-check-ph681rg4/generated/csharp/transit_netex/TransitNetex.cs(171886,2): error CS0579: Duplicate 'XmlRoot' attribute [/tmp/polyxml-corpus-check-ph681rg4/Check.csproj]
/tmp/polyxml-corpus-check-ph681rg4/generated/csharp/transit_netex/TransitNetex.cs(217726,46): warning CS0109: The member 'ZoneProjectionVersionStructure.Validate(ValidationContext)' does not hide an accessible member. The new keyword is not required. [/tmp/polyxml-corpus-check-ph681rg4/Check.csproj]
/tmp/polyxml-corpus-check-ph681rg4/generated/csharp/transit_netex/TransitNetex.cs(140191,2): error CS0579: Duplicate 'XmlRoot' attribute [/tmp/polyxml-corpus-check-ph681rg4/Check.csproj]
/tmp/polyxml-corpus-check-ph681rg4/generated/csharp/transit_netex/TransitNetex.cs(168358,2): error CS0579: Duplicate 'XmlRoot' attribute [/tmp/polyxml-corpus-check-ph681rg4/Check.csproj]
/tmp/polyxml-corpus-check-ph681rg4/generated/csharp/transit_netex/TransitNetex.cs(168736,2): error CS0579: Duplicate 'XmlRoot' attribute [/tmp/polyxml-corpus-check-ph681rg4/Check.csproj]
/tmp/polyxml-corpus-check-ph681rg4/generated/csharp/transit_netex/TransitNetex.cs(168976,46): warning CS0109: The member 'ParkingComponentVersionStructure.Validate(ValidationContext)' does not hide an accessible member. The new keyword is not required. [/tmp/polyxml-corpus-check-ph681rg4/Check.csproj]
/tmp/polyxml-corpus-check-ph681rg4/generated/csharp/transit_netex/TransitNetex.cs(169253,2): error CS0579: Duplicate 'XmlRoot' attribute [/tmp/polyxml-corpus-check-ph681rg4/Check.csproj]
/tmp/polyxml-corpus-check-ph681rg4/generated/csharp/transit_netex/TransitNetex.cs(198744,42): error CS0246: The type or namespace name 'StopPlaceVersionStructure' could not be found (are you missing a using directive or an assembly reference?) [/tmp/polyxml-corpus-check-ph681rg4/Check.csproj]
/tmp/polyxml-corpus-check-ph681rg4/generated/csharp/transit_netex/TransitNetex.cs(169821,46): warning CS0109: The member 'ParkingPriceVersionedChildStructure.Validate(ValidationContext)' does not hide an accessible member. The new keyword is not required. [/tmp/polyxml-corpus-check-ph681rg4/Check.csproj]
/tmp/polyxml-corpus-check-ph681rg4/generated/csharp/transit_netex/TransitNetex.cs(188060,2): error CS0579: Duplicate 'XmlRoot' attribute [/tmp/polyxml-corpus-check-ph681rg4/Check.csproj]
/tmp/polyxml-corpus-check-ph681rg4/generated/csharp/transit_netex/TransitNetex.cs(199454,46): warning CS0109: The member 'TemplateServiceJourneyVersionStructure.Validate(ValidationContext)' does not hide an accessible member. The new keyword is not required. [/tmp/polyxml-corpus-check-ph681rg4/Check.csproj]
/tmp/polyxml-corpus-check-ph681rg4/generated/csharp/transit_netex/TransitNetex.cs(143547,2): error CS0579: Duplicate 'XmlRoot' attribute [/tmp/polyxml-corpus-check-ph681rg4/Check.csproj]
/tmp/polyxml-corpus-check-ph681rg4/generated/csharp/transit_netex/TransitNetex.cs(199772,5): error CS0246: The type or namespace name 'FareProductVersionStructure' could not be found (are you missing a using directive or an assembly reference?) [/tmp/polyxml-corpus-check-ph681rg4/Check.csproj]
/tmp/polyxml-corpus-check-ph681rg4/generated/csharp/transit_netex/TransitNetex.cs(170671,46): warning CS0109: The member 'ParkingVersionStructure.Validate(ValidationContext)' does not hide an accessible member. The new keyword is not required. [/tmp/polyxml-corpus-check-ph681rg4/Check.csproj]
/tmp/polyxml-corpus-check-ph681rg4/generated/csharp/transit_netex/TransitNetex.cs(114508,157): error CS0246: The type or namespace name 'QualityStructureFactorPriceVersionedChildStructure' could not be found (are you missing a using directive or an assembly reference?) [/tmp/polyxml-corpus-check-ph681rg4/Check.csproj]
/tmp/polyxml-corpus-check-ph681rg4/generated/csharp/transit_netex/TransitNetex.cs(157954,2): error CS0579: Duplicate 'XmlRoot' attribute [/tmp/polyxml-corpus-check-ph681rg4/Check.csproj]
/tmp/polyxml-corpus-check-ph681rg4/generated/csharp/transit_netex/TransitNetex.cs(158485,2): error CS0579: Duplicate 'XmlRoot' attribute [/tmp/polyxml-corpus-check-ph681rg4/Check.csproj]
/tmp/polyxml-corpus-check-ph681rg4/generated/csharp/transit_netex/TransitNetex.cs(175482,59): error CS0246: The type or namespace name 'PointOnSectionVersionedChildStructure' could not be found (are you missing a using directive or an assembly reference?) [/tmp/polyxml-corpus-check-ph681rg4/Check.csproj]
/tmp/polyxml-corpus-check-ph681rg4/generated/csharp/transit_netex/TransitNetex.cs(200614,46): warning CS0109: The member 'TimeIntervalPriceVersionedChildStructure.Validate(ValidationContext)' does not hide an accessible member. The new keyword is not required. [/tmp/polyxml-corpus-check-ph681rg4/Check.csproj]
/tmp/polyxml-corpus-check-ph681rg4/generated/csharp/transit_netex/TransitNetex.cs(172665,46): warning CS0109: The member 'PathLinkInSequenceVersionedChildStructure.Validate(ValidationContext)' does not hide an accessible member. The new keyword is not required. [/tmp/polyxml-corpus-check-ph681rg4/Check.csproj]
/tmp/polyxml-corpus-check-ph681rg4/generated/csharp/transit_netex/TransitNetex.cs(179447,2): error CS0579: Duplicate 'XmlRoot' attribute [/tmp/polyxml-corpus-check-ph681rg4/Check.csproj]
/tmp/polyxml-corpus-check-ph681rg4/generated/csharp/transit_netex/TransitNetex.cs(144754,2): error CS0579: Duplicate 'XmlRoot' attribute [/tmp/polyxml-corpus-check-ph681rg4/Check.csproj]
/tmp/polyxml-corpus-check-ph681rg4/generated/csharp/transit_netex/TransitNetex.cs(200967,2): error CS0579: Duplicate 'XmlRoot' attribute [/tmp/polyxml-corpus-check-ph681rg4/Check.csproj]
/tmp/polyxml-corpus-check-ph681rg4/generated/csharp/transit_netex/TransitNetex.cs(201170,46): warning CS0109: The member 'TimeUnitPriceVersionedChildStructure.Validate(ValidationContext)' does not hide an accessible member. The new keyword is not required. [/tmp/polyxml-corpus-check-ph681rg4/Check.csproj]
/tmp/polyxml-corpus-check-ph681rg4/generated/csharp/transit_netex/TransitNetex.cs(142871,46): warning CS0109: The member 'FareIntervalVersionStructure.Validate(ValidationContext)' does not hide an accessible member. The new keyword is not required. [/tmp/polyxml-corpus-check-ph681rg4/Check.csproj]
/tmp/polyxml-corpus-check-ph681rg4/generated/csharp/transit_netex/TransitNetex.cs(220396,46): warning CS0109: The member 'DayTypesType.Validate(ValidationContext)' does not hide an accessible member. The new keyword is not required. [/tmp/polyxml-corpus-check-ph681rg4/Check.csproj]
/tmp/polyxml-corpus-check-ph681rg4/generated/csharp/transit_netex/TransitNetex.cs(143100,59): error CS0246: The type or namespace name 'PointInJourneyPatternVersionedChildStructure' could not be found (are you missing a using directive or an assembly reference?) [/tmp/polyxml-corpus-check-ph681rg4/Check.csproj]
/tmp/polyxml-corpus-check-ph681rg4/generated/csharp/transit_netex/TransitNetex.cs(143151,46): warning CS0109: The member 'FarePriceType.Validate(ValidationContext)' does not hide an accessible member. The new keyword is not required. [/tmp/polyxml-corpus-check-ph681rg4/Check.csproj]
/tmp/polyxml-corpus-check-ph681rg4/generated/csharp/transit_netex/TransitNetex.cs(143764,2): error CS0579: Duplicate 'XmlRoot' attribute [/tmp/polyxml-corpus-check-ph681rg4/Check.csproj]
/tmp/polyxml-corpus-check-ph681rg4/generated/csharp/transit_netex/TransitNetex.cs(202036,46): warning CS0109: The member 'TimetabledPassingTimeVersionedChildStructure.Validate(ValidationContext)' does not hide an accessible member. The new keyword is not required. [/tmp/polyxml-corpus-check-ph681rg4/Check.csproj]
/tmp/polyxml-corpus-check-ph681rg4/generated/csharp/transit_netex/TransitNetex.cs(125992,2): error CS0579: Duplicate 'XmlRoot' attribute [/tmp/polyxml-corpus-check-ph681rg4/Check.csproj]
/tmp/polyxml-corpus-check-ph681rg4/generated/csharp/transit_netex/TransitNetex.cs(242577,43): error CS0246: The type or namespace name 'StopPlaceComponentVersionStructure' could not be found (are you missing a using directive or an assembly reference?) [/tmp/polyxml-corpus-check-ph681rg4/Check.csproj]
/tmp/polyxml-corpus-check-ph681rg4/generated/csharp/transit_netex/TransitNetex.cs(202300,46): warning CS0109: The member 'TimingLinkInJourneyPatternVersionedChildStructure.Validate(ValidationContext)' does not hide an accessible member. The new keyword is not required. [/tmp/polyxml-corpus-check-ph681rg4/Check.csproj]
/tmp/polyxml-corpus-check-ph681rg4/generated/csharp/transit_netex/TransitNetex.cs(144561,46): warning CS0109: The member 'FareStructureElementPriceVersionedChildStructure.Validate(ValidationContext)' does not hide an accessible member. The new keyword is not required. [/tmp/polyxml-corpus-check-ph681rg4/Check.csproj]
/tmp/polyxml-corpus-check-ph681rg4/generated/csharp/transit_netex/TransitNetex.cs(163781,2): error CS0579: Duplicate 'XmlRoot' attribute [/tmp/polyxml-corpus-check-ph681rg4/Check.csproj]
/tmp/polyxml-corpus-check-ph681rg4/generated/csharp/transit_netex/TransitNetex.cs(164373,2): error CS0579: Duplicate 'XmlRoot' attribute [/tmp/polyxml-corpus-check-ph681rg4/Check.csproj]
/tmp/polyxml-corpus-check-ph681rg4/generated/csharp/transit_netex/TransitNetex.cs(173873,2): error CS0579: Duplicate 'XmlRoot' attribute [/tmp/polyxml-corpus-check-ph681rg4/Check.csproj]
/tmp/polyxml-corpus-check-ph681rg4/generated/csharp/transit_netex/TransitNetex.cs(173423,46): warning CS0109: The member 'PlaceInSequenceVersionedChildStructure.Validate(ValidationContext)' does not hide an accessible member. The new keyword is not required. [/tmp/polyxml-corpus-check-ph681rg4/Check.csproj]
/tmp/polyxml-corpus-check-ph681rg4/generated/csharp/transit_netex/TransitNetex.cs(144892,46): warning CS0109: The member 'FareStructureFactorVersionStructure.Validate(ValidationContext)' does not hide an accessible member. The new keyword is not required. [/tmp/polyxml-corpus-check-ph681rg4/Check.csproj]
/tmp/polyxml-corpus-check-ph681rg4/generated/csharp/transit_netex/TransitNetex.cs(202680,2): error CS0579: Duplicate 'XmlRoot' attribute [/tmp/polyxml-corpus-check-ph681rg4/Check.csproj]
/tmp/polyxml-corpus-check-ph681rg4/generated/csharp/transit_netex/TransitNetex.cs(237105,49): error CS0246: The type or namespace name 'PointOnSectionVersionedChildStructure' could not be found (are you missing a using directive or an assembly reference?) [/tmp/polyxml-corpus-check-ph681rg4/Check.csproj]
/tmp/polyxml-corpus-check-ph681rg4/generated/csharp/transit_netex/TransitNetex.cs(130230,2): error CS0579: Duplicate 'XmlRoot' attribute [/tmp/polyxml-corpus-check-ph681rg4/Check.csproj]
/tmp/polyxml-corpus-check-ph681rg4/generated/csharp/transit_netex/TransitNetex.cs(130471,2): error CS0579: Duplicate 'XmlRoot' attribute [/tmp/polyxml-corpus-check-ph681rg4/Check.csproj]
/tmp/polyxml-corpus-check-ph681rg4/generated/csharp/transit_netex/TransitNetex.cs(146006,46): warning CS0109: The member 'FareUnitVersionStructure.Validate(ValidationContext)' does not hide an accessible member. The new keyword is not required. [/tmp/polyxml-corpus-check-ph681rg4/Check.csproj]
/tmp/polyxml-corpus-check-ph681rg4/generated/csharp/transit_netex/TransitNetex.cs(203115,46): warning CS0109: The member 'TopographicProjectionVersionStructure.Validate(ValidationContext)' does not hide an accessible member. The new keyword is not required. [/tmp/polyxml-corpus-check-ph681rg4/Check.csproj]
/tmp/polyxml-corpus-check-ph681rg4/generated/csharp/transit_netex/TransitNetex.cs(204225,2): error CS0579: Duplicate 'XmlRoot' attribute [/tmp/polyxml-corpus-check-ph681rg4/Check.csproj]
/tmp/polyxml-corpus-check-ph681rg4/generated/csharp/transit_netex/TransitNetex.cs(174195,46): warning CS0109: The member 'PointOfInterestComponentVersionStructure.Validate(ValidationContext)' does not hide an accessible member. The new keyword is not required. [/tmp/polyxml-corpus-check-ph681rg4/Check.csproj]
/tmp/polyxml-corpus-check-ph681rg4/generated/csharp/transit_netex/TransitNetex.cs(203382,46): warning CS0109: The member 'TrainBlockPartVersionStructure.Validate(ValidationContext)' does not hide an accessible member. The new keyword is not required. [/tmp/polyxml-corpus-check-ph681rg4/Check.csproj]
/tmp/polyxml-corpus-check-ph681rg4/generated/csharp/transit_netex/TransitNetex.cs(203543,46): warning CS0109: The member 'TrainBlockVersionStructure.Validate(ValidationContext)' does not hide an accessible member. The new keyword is not required. [/tmp/polyxml-corpus-check-ph681rg4/Check.csproj]
/tmp/polyxml-corpus-check-ph681rg4/generated/csharp/transit_netex/TransitNetex.cs(175298,46): warning CS0109: The member 'PointOfInterestVersionStructure.Validate(ValidationContext)' does not hide an accessible member. The new keyword is not required. [/tmp/polyxml-corpus-check-ph681rg4/Check.csproj]
/tmp/polyxml-corpus-check-ph681rg4/generated/csharp/transit_netex/TransitNetex.cs(176126,2): error CS0579: Duplicate 'XmlRoot' attribute [/tmp/polyxml-corpus-check-ph681rg4/Check.csproj]
/tmp/polyxml-corpus-check-ph681rg4/generated/csharp/transit_netex/TransitNetex.cs(176238,2): error CS0579: Duplicate 'XmlRoot' attribute [/tmp/polyxml-corpus-check-ph681rg4/Check.csproj]
/tmp/polyxml-corpus-check-ph681rg4/generated/csharp/transit_netex/TransitNetex.cs(176360,46): warning CS0109: The member 'PointProjectionVersionStructure.Validate(ValidationContext)' does not hide an accessible member. The new keyword is not required. [/tmp/polyxml-corpus-check-ph681rg4/Check.csproj]
/tmp/polyxml-corpus-check-ph681rg4/generated/csharp/transit_netex/TransitNetex.cs(146587,46): warning CS0109: The member 'FlexibleLineDerivedViewStructure.Validate(ValidationContext)' does not hide an accessible member. The new keyword is not required. [/tmp/polyxml-corpus-check-ph681rg4/Check.csproj]
/tmp/polyxml-corpus-check-ph681rg4/generated/csharp/transit_netex/TransitNetex.cs(212956,2): error CS0579: Duplicate 'XmlRoot' attribute [/tmp/polyxml-corpus-check-ph681rg4/Check.csproj]
/tmp/polyxml-corpus-check-ph681rg4/generated/csharp/transit_netex/TransitNetex.cs(177049,46): warning CS0109: The member 'PreviousCallVersionedChildStructure.Validate(ValidationContext)' does not hide an accessible member. The new keyword is not required. [/tmp/polyxml-corpus-check-ph681rg4/Check.csproj]
/tmp/polyxml-corpus-check-ph681rg4/generated/csharp/transit_netex/TransitNetex.cs(134702,2): error CS0579: Duplicate 'XmlRoot' attribute [/tmp/polyxml-corpus-check-ph681rg4/Check.csproj]
/tmp/polyxml-corpus-check-ph681rg4/generated/csharp/transit_netex/TransitNetex.cs(147396,46): warning CS0109: The member 'FlexibleRouteVersionStructure.Validate(ValidationContext)' does not hide an accessible member. The new keyword is not required. [/tmp/polyxml-corpus-check-ph681rg4/Check.csproj]
/tmp/polyxml-corpus-check-ph681rg4/generated/csharp/transit_netex/TransitNetex.cs(204855,46): warning CS0109: The member 'TransportAdministrativeZoneVersionStructure.Validate(ValidationContext)' does not hide an accessible member. The new keyword is not required. [/tmp/polyxml-corpus-check-ph681rg4/Check.csproj]
/tmp/polyxml-corpus-check-ph681rg4/generated/csharp/transit_netex/TransitNetex.cs(147789,2): error CS0579: Duplicate 'XmlRoot' attribute [/tmp/polyxml-corpus-check-ph681rg4/Check.csproj]
/tmp/polyxml-corpus-check-ph681rg4/generated/csharp/transit_netex/TransitNetex.cs(205591,46): warning CS0109: The member 'TravelAgentVersionStructure.Validate(ValidationContext)' does not hide an accessible member. The new keyword is not required. [/tmp/polyxml-corpus-check-ph681rg4/Check.csproj]
/tmp/polyxml-corpus-check-ph681rg4/generated/csharp/transit_netex/TransitNetex.cs(148331,46): warning CS0109: The member 'FulfilmentMethodPriceVersionedChildStructure.Validate(ValidationContext)' does not hide an accessible member. The new keyword is not required. [/tmp/polyxml-corpus-check-ph681rg4/Check.csproj]
/tmp/polyxml-corpus-check-ph681rg4/generated/csharp/transit_netex/TransitNetex.cs(148488,46): warning CS0109: The member 'FulfilmentMethodVersionStructure.Validate(ValidationContext)' does not hide an accessible member. The new keyword is not required. [/tmp/polyxml-corpus-check-ph681rg4/Check.csproj]
/tmp/polyxml-corpus-check-ph681rg4/generated/csharp/transit_netex/TransitNetex.cs(150579,46): warning CS0109: The member 'GeneralOrganisationVersionStructure.Validate(ValidationContext)' does not hide an accessible member. The new keyword is not required. [/tmp/polyxml-corpus-check-ph681rg4/Check.csproj]
/tmp/polyxml-corpus-check-ph681rg4/generated/csharp/transit_netex/TransitNetex.cs(138175,2): error CS0579: Duplicate 'XmlRoot' attribute [/tmp/polyxml-corpus-check-ph681rg4/Check.csproj]
/tmp/polyxml-corpus-check-ph681rg4/generated/csharp/transit_netex/TransitNetex.cs(151258,60): error CS0246: The type or namespace name 'ValidityParameterAssignmentVersionStructure' could not be found (are you missing a using directive or an assembly reference?) [/tmp/polyxml-corpus-check-ph681rg4/Check.csproj]
/tmp/polyxml-corpus-check-ph681rg4/generated/csharp/transit_netex/TransitNetex.cs(151481,46): warning CS0109: The member 'GeographicalIntervalPriceVersionedChildStructure.Validate(ValidationContext)' does not hide an accessible member. The new keyword is not required. [/tmp/polyxml-corpus-check-ph681rg4/Check.csproj]
/tmp/polyxml-corpus-check-ph681rg4/generated/csharp/transit_netex/TransitNetex.cs(152009,46): warning CS0109: The member 'GeographicalUnitPriceVersionedChildStructure.Validate(ValidationContext)' does not hide an accessible member. The new keyword is not required. [/tmp/polyxml-corpus-check-ph681rg4/Check.csproj]
/tmp/polyxml-corpus-check-ph681rg4/generated/csharp/transit_netex/TransitNetex.cs(213262,2): error CS0579: Duplicate 'XmlRoot' attribute [/tmp/polyxml-corpus-check-ph681rg4/Check.csproj]
/tmp/polyxml-corpus-check-ph681rg4/generated/csharp/transit_netex/TransitNetex.cs(215262,2): error CS0579: Duplicate 'XmlRoot' attribute [/tmp/polyxml-corpus-check-ph681rg4/Check.csproj]
/tmp/polyxml-corpus-check-ph681rg4/generated/csharp/transit_netex/TransitNetex.cs(231393,46): warning CS0109: The member 'SpecificsType.Validate(ValidationContext)' does not hide an accessible member. The new keyword is not required. [/tmp/polyxml-corpus-check-ph681rg4/Check.csproj]
/tmp/polyxml-corpus-check-ph681rg4/generated/csharp/transit_netex/TransitNetex.cs(184594,5): error CS0246: The type or namespace name 'FareProductVersionStructure' could not be found (are you missing a using directive or an assembly reference?) [/tmp/polyxml-corpus-check-ph681rg4/Check.csproj]
/tmp/polyxml-corpus-check-ph681rg4/generated/csharp/transit_netex/TransitNetex.cs(184817,46): warning CS0109: The member 'SalesNoticeAssignmentVersionStructure.Validate(ValidationContext)' does not hide an accessible member. The new keyword is not required. [/tmp/polyxml-corpus-check-ph681rg4/Check.csproj]
/tmp/polyxml-corpus-check-ph681rg4/generated/csharp/transit_netex/TransitNetex.cs(155606,46): warning CS0109: The member 'InterchangeRuleVersionStructure.Validate(ValidationContext)' does not hide an accessible member. The new keyword is not required. [/tmp/polyxml-corpus-check-ph681rg4/Check.csproj]
/tmp/polyxml-corpus-check-ph681rg4/generated/csharp/transit_netex/TransitNetex.cs(155615,46): warning CS0109: The member 'InterchangeType.Validate(ValidationContext)' does not hide an accessible member. The new keyword is not required. [/tmp/polyxml-corpus-check-ph681rg4/Check.csproj]
/tmp/polyxml-corpus-check-ph681rg4/generated/csharp/transit_netex/TransitNetex.cs(185514,46): warning CS0109: The member 'SalesOfferPackagePriceVersionedChildStructure.Validate(ValidationContext)' does not hide an accessible member. The new keyword is not required. [/tmp/polyxml-corpus-check-ph681rg4/Check.csproj]
/tmp/polyxml-corpus-check-ph681rg4/generated/csharp/transit_netex/TransitNetex.cs(185763,46): warning CS0109: The member 'SalesOfferPackageVersionStructure.Validate(ValidationContext)' does not hide an accessible member. The new keyword is not required. [/tmp/polyxml-corpus-check-ph681rg4/Check.csproj]
/tmp/polyxml-corpus-check-ph681rg4/generated/csharp/transit_netex/TransitNetex.cs(119689,46): warning CS0109: The member 'AccessVehicleEquipmentVersionStructure.Validate(ValidationContext)' does not hide an accessible member. The new keyword is not required. [/tmp/polyxml-corpus-check-ph681rg4/Check.csproj]
/tmp/polyxml-corpus-check-ph681rg4/generated/csharp/transit_netex/TransitNetex.cs(188682,46): warning CS0109: The member 'SeriesConstraintPriceVersionedChildStructure.Validate(ValidationContext)' does not hide an accessible member. The new keyword is not required. [/tmp/polyxml-corpus-check-ph681rg4/Check.csproj]
/tmp/polyxml-corpus-check-ph681rg4/generated/csharp/transit_netex/TransitNetex.cs(188938,46): warning CS0109: The member 'SeriesConstraintVersionStructure.Validate(ValidationContext)' does not hide an accessible member. The new keyword is not required. [/tmp/polyxml-corpus-check-ph681rg4/Check.csproj]
/tmp/polyxml-corpus-check-ph681rg4/generated/csharp/transit_netex/TransitNetex.cs(189101,46): warning CS0109: The member 'ServiceAccessRightVersionStructure.Validate(ValidationContext)' does not hide an accessible member. The new keyword is not required. [/tmp/polyxml-corpus-check-ph681rg4/Check.csproj]
/tmp/polyxml-corpus-check-ph681rg4/generated/csharp/transit_netex/TransitNetex.cs(209666,5): error CS0246: The type or namespace name 'FareProductVersionStructure' could not be found (are you missing a using directive or an assembly reference?) [/tmp/polyxml-corpus-check-ph681rg4/Check.csproj]
/tmp/polyxml-corpus-check-ph681rg4/generated/csharp/transit_netex/TransitNetex.cs(210102,46): warning CS0109: The member 'UsageParameterVersionStructure.Validate(ValidationContext)' does not hide an accessible member. The new keyword is not required. [/tmp/polyxml-corpus-check-ph681rg4/Check.csproj]
/tmp/polyxml-corpus-check-ph681rg4/generated/csharp/transit_netex/TransitNetex.cs(211020,46): warning CS0109: The member 'ValidableElementPriceVersionedChildStructure.Validate(ValidationContext)' does not hide an accessible member. The new keyword is not required. [/tmp/polyxml-corpus-check-ph681rg4/Check.csproj]
/tmp/polyxml-corpus-check-ph681rg4/generated/csharp/transit_netex/TransitNetex.cs(211187,46): warning CS0109: The member 'ValidableElementVersionStructure.Validate(ValidationContext)' does not hide an accessible member. The new keyword is not required. [/tmp/polyxml-corpus-check-ph681rg4/Check.csproj]
/tmp/polyxml-corpus-check-ph681rg4/generated/csharp/transit_netex/TransitNetex.cs(160879,46): warning CS0109: The member 'LineViewType.Validate(ValidationContext)' does not hide an accessible member. The new keyword is not required. [/tmp/polyxml-corpus-check-ph681rg4/Check.csproj]
/tmp/polyxml-corpus-check-ph681rg4/generated/csharp/transit_netex/TransitNetex.cs(211469,2): error CS0579: Duplicate 'XmlRoot' attribute [/tmp/polyxml-corpus-check-ph681rg4/Check.csproj]
/tmp/polyxml-corpus-check-ph681rg4/generated/csharp/transit_netex/TransitNetex.cs(161196,46): warning CS0109: The member 'LinkInJourneyPatternVersionedChildStructure.Validate(ValidationContext)' does not hide an accessible member. The new keyword is not required. [/tmp/polyxml-corpus-check-ph681rg4/Check.csproj]
/tmp/polyxml-corpus-check-ph681rg4/generated/csharp/transit_netex/TransitNetex.cs(161364,46): warning CS0109: The member 'LinkOnSectionVersionedChildStructure.Validate(ValidationContext)' does not hide an accessible member. The new keyword is not required. [/tmp/polyxml-corpus-check-ph681rg4/Check.csproj]
/tmp/polyxml-corpus-check-ph681rg4/generated/csharp/transit_netex/TransitNetex.cs(161505,46): warning CS0109: The member 'LinkProjectionVersionStructure.Validate(ValidationContext)' does not hide an accessible member. The new keyword is not required. [/tmp/polyxml-corpus-check-ph681rg4/Check.csproj]
/tmp/polyxml-corpus-check-ph681rg4/generated/csharp/transit_netex/TransitNetex.cs(161668,46): warning CS0109: The member 'LinkSequenceProjectionVersionStructure.Validate(ValidationContext)' does not hide an accessible member. The new keyword is not required. [/tmp/polyxml-corpus-check-ph681rg4/Check.csproj]
/tmp/polyxml-corpus-check-ph681rg4/generated/csharp/transit_netex/TransitNetex.cs(190168,46): warning CS0109: The member 'ServiceJourneyInterchangeVersionStructure.Validate(ValidationContext)' does not hide an accessible member. The new keyword is not required. [/tmp/polyxml-corpus-check-ph681rg4/Check.csproj]
/tmp/polyxml-corpus-check-ph681rg4/generated/csharp/transit_netex/TransitNetex.cs(190369,46): warning CS0109: The member 'ServiceJourneyPatternInterchangeVersionStructure.Validate(ValidationContext)' does not hide an accessible member. The new keyword is not required. [/tmp/polyxml-corpus-check-ph681rg4/Check.csproj]
/tmp/polyxml-corpus-check-ph681rg4/generated/csharp/transit_netex/TransitNetex.cs(122523,5): error CS0246: The type or namespace name 'FareProductVersionStructure' could not be found (are you missing a using directive or an assembly reference?) [/tmp/polyxml-corpus-check-ph681rg4/Check.csproj]
/tmp/polyxml-corpus-check-ph681rg4/generated/csharp/transit_netex/TransitNetex.cs(191000,46): warning CS0109: The member 'ServiceLinkInJourneyPatternVersionedChildStructure.Validate(ValidationContext)' does not hide an accessible member. The new keyword is not required. [/tmp/polyxml-corpus-check-ph681rg4/Check.csproj]
/tmp/polyxml-corpus-check-ph681rg4/generated/csharp/transit_netex/TransitNetex.cs(213596,2): error CS0579: Duplicate 'XmlRoot' attribute [/tmp/polyxml-corpus-check-ph681rg4/Check.csproj]
/tmp/polyxml-corpus-check-ph681rg4/generated/csharp/transit_netex/TransitNetex.cs(123355,46): warning CS0109: The member 'AuthorityVersionStructure.Validate(ValidationContext)' does not hide an accessible member. The new keyword is not required. [/tmp/polyxml-corpus-check-ph681rg4/Check.csproj]
/tmp/polyxml-corpus-check-ph681rg4/generated/csharp/transit_netex/TransitNetex.cs(191513,46): warning CS0109: The member 'ServiceSiteVersionStructure.Validate(ValidationContext)' does not hide an accessible member. The new keyword is not required. [/tmp/polyxml-corpus-check-ph681rg4/Check.csproj]
/tmp/polyxml-corpus-check-ph681rg4/generated/csharp/transit_netex/TransitNetex.cs(162629,46): warning CS0109: The member 'ManagementAgentVersionStructure.Validate(ValidationContext)' does not hide an accessible member. The new keyword is not required. [/tmp/polyxml-corpus-check-ph681rg4/Check.csproj]
/tmp/polyxml-corpus-check-ph681rg4/generated/csharp/transit_netex/TransitNetex.cs(123743,46): warning CS0109: The member 'BlacklistVersionStructure.Validate(ValidationContext)' does not hide an accessible member. The new keyword is not required. [/tmp/polyxml-corpus-check-ph681rg4/Check.csproj]
/tmp/polyxml-corpus-check-ph681rg4/generated/csharp/transit_netex/TransitNetex.cs(191791,46): warning CS0109: The member 'ServicedOrganisationVersionStructure.Validate(ValidationContext)' does not hide an accessible member. The new keyword is not required. [/tmp/polyxml-corpus-check-ph681rg4/Check.csproj]
/tmp/polyxml-corpus-check-ph681rg4/generated/csharp/transit_netex/TransitNetex.cs(191953,46): warning CS0109: The member 'SimpleAvailabilityConditionType.Validate(ValidationContext)' does not hide an accessible member. The new keyword is not required. [/tmp/polyxml-corpus-check-ph681rg4/Check.csproj]
/tmp/polyxml-corpus-check-ph681rg4/generated/csharp/transit_netex/TransitNetex.cs(163568,46): warning CS0109: The member 'MonitoredCallVersionedChildStructure.Validate(ValidationContext)' does not hide an accessible member. The new keyword is not required. [/tmp/polyxml-corpus-check-ph681rg4/Check.csproj]
/tmp/polyxml-corpus-check-ph681rg4/generated/csharp/transit_netex/TransitNetex.cs(125832,46): warning CS0109: The member 'CappingRulePriceVersionedChildStructure.Validate(ValidationContext)' does not hide an accessible member. The new keyword is not required. [/tmp/polyxml-corpus-check-ph681rg4/Check.csproj]
/tmp/polyxml-corpus-check-ph681rg4/generated/csharp/transit_netex/TransitNetex.cs(192794,46): warning CS0109: The member 'SiteEntranceVersionStructure.Validate(ValidationContext)' does not hide an accessible member. The new keyword is not required. [/tmp/polyxml-corpus-check-ph681rg4/Check.csproj]
/tmp/polyxml-corpus-check-ph681rg4/generated/csharp/transit_netex/TransitNetex.cs(215536,57): error CS0246: The type or namespace name 'StopPlaceComponentVersionStructure' could not be found (are you missing a using directive or an assembly reference?) [/tmp/polyxml-corpus-check-ph681rg4/Check.csproj]
/tmp/polyxml-corpus-check-ph681rg4/generated/csharp/transit_netex/TransitNetex.cs(164142,46): warning CS0109: The member 'NetworkFrameTopicType.Validate(ValidationContext)' does not hide an accessible member. The new keyword is not required. [/tmp/polyxml-corpus-check-ph681rg4/Check.csproj]
/tmp/polyxml-corpus-check-ph681rg4/generated/csharp/transit_netex/TransitNetex.cs(128187,46): warning CS0109: The member 'ChargingEquipmentProfileVersionStructure.Validate(ValidationContext)' does not hide an accessible member. The new keyword is not required. [/tmp/polyxml-corpus-check-ph681rg4/Check.csproj]
/tmp/polyxml-corpus-check-ph681rg4/generated/csharp/transit_netex/TransitNetex.cs(164641,59): error CS0246: The type or namespace name 'DatedVehicleJourneyVersionStructure' could not be found (are you missing a using directive or an assembly reference?) [/tmp/polyxml-corpus-check-ph681rg4/Check.csproj]
/tmp/polyxml-corpus-check-ph681rg4/generated/csharp/transit_netex/TransitNetex.cs(66112,26): error CS0102: The type 'ParkingAreaTypeItem' already contains a definition for 'ParkingProperties' [/tmp/polyxml-corpus-check-ph681rg4/Check.csproj]
/tmp/polyxml-corpus-check-ph681rg4/generated/csharp/transit_netex/TransitNetex.cs(66112,43): error CS8863: Only a single partial type declaration may have a parameter list [/tmp/polyxml-corpus-check-ph681rg4/Check.csproj]
/tmp/polyxml-corpus-check-ph681rg4/generated/csharp/transit_netex/TransitNetex.cs(165726,46): warning CS0109: The member 'OnwardCallVersionedChildStructure.Validate(ValidationContext)' does not hide an accessible member. The new keyword is not required. [/tmp/polyxml-corpus-check-ph681rg4/Check.csproj]
/tmp/polyxml-corpus-check-ph681rg4/generated/csharp/transit_netex/TransitNetex.cs(66114,16): error CS0111: Type 'ParkingAreaTypeItem.ParkingProperties' already defines a member called 'ParkingProperties' with the same parameter types [/tmp/polyxml-corpus-check-ph681rg4/Check.csproj]
/tmp/polyxml-corpus-check-ph681rg4/generated/csharp/transit_netex/TransitNetex.cs(133802,46): warning CS0109: The member 'DatedPassingTimeVersionedChildStructure.Validate(ValidationContext)' does not hide an accessible member. The new keyword is not required. [/tmp/polyxml-corpus-check-ph681rg4/Check.csproj]
/tmp/polyxml-corpus-check-ph681rg4/generated/csharp/transit_netex/TransitNetex.cs(131747,46): warning CS0109: The member 'ControlCentreVersionStructure.Validate(ValidationContext)' does not hide an accessible member. The new keyword is not required. [/tmp/polyxml-corpus-check-ph681rg4/Check.csproj]
/tmp/polyxml-corpus-check-ph681rg4/generated/csharp/transit_netex/TransitNetex.cs(132080,46): warning CS0109: The member 'ControllableElementPriceVersionedChildStructure.Validate(ValidationContext)' does not hide an accessible member. The new keyword is not required. [/tmp/polyxml-corpus-check-ph681rg4/Check.csproj]
/tmp/polyxml-corpus-check-ph681rg4/generated/csharp/transit_netex/TransitNetex.cs(132227,46): warning CS0109: The member 'ControllableElementVersionStructure.Validate(ValidationContext)' does not hide an accessible member. The new keyword is not required. [/tmp/polyxml-corpus-check-ph681rg4/Check.csproj]
/tmp/polyxml-corpus-check-ph681rg4/generated/csharp/transit_netex/TransitNetex.cs(70647,26): error CS0102: The type 'PathLinkInSequenceTypeItem' already contains a definition for 'Description' [/tmp/polyxml-corpus-check-ph681rg4/Check.csproj]
/tmp/polyxml-corpus-check-ph681rg4/generated/csharp/transit_netex/TransitNetex.cs(70647,37): error CS8863: Only a single partial type declaration may have a parameter list [/tmp/polyxml-corpus-check-ph681rg4/Check.csproj]
/tmp/polyxml-corpus-check-ph681rg4/generated/csharp/transit_netex/TransitNetex.cs(70649,16): error CS0111: Type 'PathLinkInSequenceTypeItem.Description' already defines a member called 'Description' with the same parameter types [/tmp/polyxml-corpus-check-ph681rg4/Check.csproj]
/tmp/polyxml-corpus-check-ph681rg4/generated/csharp/transit_netex/TransitNetex.cs(133785,46): warning CS0109: The member 'DatedCallVersionedChildStructure.Validate(ValidationContext)' does not hide an accessible member. The new keyword is not required. [/tmp/polyxml-corpus-check-ph681rg4/Check.csproj]
/tmp/polyxml-corpus-check-ph681rg4/generated/csharp/transit_netex/TransitNetex.cs(134117,46): warning CS0109: The member 'DatedServiceJourneyVersionStructure.Validate(ValidationContext)' does not hide an accessible member. The new keyword is not required. [/tmp/polyxml-corpus-check-ph681rg4/Check.csproj]
/tmp/polyxml-corpus-check-ph681rg4/generated/csharp/transit_netex/TransitNetex.cs(134422,2): error CS0579: Duplicate 'XmlRoot' attribute [/tmp/polyxml-corpus-check-ph681rg4/Check.csproj]
/tmp/polyxml-corpus-check-ph681rg4/generated/csharp/transit_netex/TransitNetex.cs(135663,5): error CS0246: The type or namespace name 'DeadRunVersionStructure' could not be found (are you missing a using directive or an assembly reference?) [/tmp/polyxml-corpus-check-ph681rg4/Check.csproj]
/tmp/polyxml-corpus-check-ph681rg4/generated/csharp/transit_netex/TransitNetex.cs(135681,2): error CS0579: Duplicate 'XmlRoot' attribute [/tmp/polyxml-corpus-check-ph681rg4/Check.csproj]
/tmp/polyxml-corpus-check-ph681rg4/generated/csharp/transit_netex/TransitNetex.cs(136774,46): warning CS0109: The member 'DepartmentVersionStructure.Validate(ValidationContext)' does not hide an accessible member. The new keyword is not required. [/tmp/polyxml-corpus-check-ph681rg4/Check.csproj]
/tmp/polyxml-corpus-check-ph681rg4/generated/csharp/transit_netex/TransitNetex.cs(137422,46): warning CS0109: The member 'DiscountingRuleVersionedStructure.Validate(ValidationContext)' does not hide an accessible member. The new keyword is not required. [/tmp/polyxml-corpus-check-ph681rg4/Check.csproj]
/tmp/polyxml-corpus-check-ph681rg4/generated/csharp/transit_netex/TransitNetex.cs(137924,46): warning CS0109: The member 'DistanceMatrixElementPriceVersionedChildStructure.Validate(ValidationContext)' does not hide an accessible member. The new keyword is not required. [/tmp/polyxml-corpus-check-ph681rg4/Check.csproj]
/tmp/polyxml-corpus-check-ph681rg4/generated/csharp/transit_netex/TransitNetex.cs(91552,26): error CS0102: The type 'TaxiParkingAreaTypeItem' already contains a definition for 'ParkingProperties' [/tmp/polyxml-corpus-check-ph681rg4/Check.csproj]
/tmp/polyxml-corpus-check-ph681rg4/generated/csharp/transit_netex/TransitNetex.cs(91552,43): error CS8863: Only a single partial type declaration may have a parameter list [/tmp/polyxml-corpus-check-ph681rg4/Check.csproj]
/tmp/polyxml-corpus-check-ph681rg4/generated/csharp/transit_netex/TransitNetex.cs(105166,108): error CS0246: The type or namespace name 'PointOnSectionVersionedChildStructure' could not be found (are you missing a using directive or an assembly reference?) [/tmp/polyxml-corpus-check-ph681rg4/Check.csproj]
/tmp/polyxml-corpus-check-ph681rg4/generated/csharp/transit_netex/TransitNetex.cs(91554,16): error CS0111: Type 'TaxiParkingAreaTypeItem.ParkingProperties' already defines a member called 'ParkingProperties' with the same parameter types [/tmp/polyxml-corpus-check-ph681rg4/Check.csproj]
/tmp/polyxml-corpus-check-ph681rg4/generated/csharp/transit_netex/TransitNetex.cs(108179,26): error CS0102: The type 'EntitiesInVersionRelStructureItem' already contains a definition for 'ServiceAccessRight' [/tmp/polyxml-corpus-check-ph681rg4/Check.csproj]
/tmp/polyxml-corpus-check-ph681rg4/generated/csharp/transit_netex/TransitNetex.cs(108179,44): error CS8863: Only a single partial type declaration may have a parameter list [/tmp/polyxml-corpus-check-ph681rg4/Check.csproj]
/tmp/polyxml-corpus-check-ph681rg4/generated/csharp/transit_netex/TransitNetex.cs(108181,16): error CS0111: Type 'EntitiesInVersionRelStructureItem.ServiceAccessRight' already defines a member called 'ServiceAccessRight' with the same parameter types [/tmp/polyxml-corpus-check-ph681rg4/Check.csproj]

Build FAILED.

/tmp/polyxml-corpus-check-ph681rg4/generated/csharp/transit_netex/TransitNetex.cs(217296,46): warning CS0109: The member 'WheelchairVehicleEquipmentVersionStructure.Validate(ValidationContext)' does not hide an accessible member. The new keyword is not required. [/tmp/polyxml-corpus-check-ph681rg4/Check.csproj]
/tmp/polyxml-corpus-check-ph681rg4/generated/csharp/transit_netex/TransitNetex.cs(217443,46): warning CS0109: The member 'WhitelistVersionStructure.Validate(ValidationContext)' does not hide an accessible member. The new keyword is not required. [/tmp/polyxml-corpus-check-ph681rg4/Check.csproj]
/tmp/polyxml-corpus-check-ph681rg4/generated/csharp/transit_netex/TransitNetex.cs(166858,46): warning CS0109: The member 'OperatorVersionStructure.Validate(ValidationContext)' does not hide an accessible member. The new keyword is not required. [/tmp/polyxml-corpus-check-ph681rg4/Check.csproj]
/tmp/polyxml-corpus-check-ph681rg4/generated/csharp/transit_netex/TransitNetex.cs(167301,46): warning CS0109: The member 'OrganisationViewType.Validate(ValidationContext)' does not hide an accessible member. The new keyword is not required. [/tmp/polyxml-corpus-check-ph681rg4/Check.csproj]
/tmp/polyxml-corpus-check-ph681rg4/generated/csharp/transit_netex/TransitNetex.cs(167625,46): warning CS0109: The member 'OrganisationalUnitVersionStructure.Validate(ValidationContext)' does not hide an accessible member. The new keyword is not required. [/tmp/polyxml-corpus-check-ph681rg4/Check.csproj]
/tmp/polyxml-corpus-check-ph681rg4/generated/csharp/transit_netex/TransitNetex.cs(167646,46): warning CS0109: The member 'OtherOrganisationType.Validate(ValidationContext)' does not hide an accessible member. The new keyword is not required. [/tmp/polyxml-corpus-check-ph681rg4/Check.csproj]
/tmp/polyxml-corpus-check-ph681rg4/generated/csharp/transit_netex/TransitNetex.cs(217726,46): warning CS0109: The member 'ZoneProjectionVersionStructure.Validate(ValidationContext)' does not hide an accessible member. The new keyword is not required. [/tmp/polyxml-corpus-check-ph681rg4/Check.csproj]
/tmp/polyxml-corpus-check-ph681rg4/generated/csharp/transit_netex/TransitNetex.cs(168976,46): warning CS0109: The member 'ParkingComponentVersionStructure.Validate(ValidationContext)' does not hide an accessible member. The new keyword is not required. [/tmp/polyxml-corpus-check-ph681rg4/Check.csproj]
/tmp/polyxml-corpus-check-ph681rg4/generated/csharp/transit_netex/TransitNetex.cs(169821,46): warning CS0109: The member 'ParkingPriceVersionedChildStructure.Validate(ValidationContext)' does not hide an accessible member. The new keyword is not required. [/tmp/polyxml-corpus-check-ph681rg4/Check.csproj]
/tmp/polyxml-corpus-check-ph681rg4/generated/csharp/transit_netex/TransitNetex.cs(199454,46): warning CS0109: The member 'TemplateServiceJourneyVersionStructure.Validate(ValidationContext)' does not hide an accessible member. The new keyword is not required. [/tmp/polyxml-corpus-check-ph681rg4/Check.csproj]
/tmp/polyxml-corpus-check-ph681rg4/generated/csharp/transit_netex/TransitNetex.cs(170671,46): warning CS0109: The member 'ParkingVersionStructure.Validate(ValidationContext)' does not hide an accessible member. The new keyword is not required. [/tmp/polyxml-corpus-check-ph681rg4/Check.csproj]
/tmp/polyxml-corpus-check-ph681rg4/generated/csharp/transit_netex/TransitNetex.cs(200614,46): warning CS0109: The member 'TimeIntervalPriceVersionedChildStructure.Validate(ValidationContext)' does not hide an accessible member. The new keyword is not required. [/tmp/polyxml-corpus-check-ph681rg4/Check.csproj]
/tmp/polyxml-corpus-check-ph681rg4/generated/csharp/transit_netex/TransitNetex.cs(172665,46): warning CS0109: The member 'PathLinkInSequenceVersionedChildStructure.Validate(ValidationContext)' does not hide an accessible member. The new keyword is not required. [/tmp/polyxml-corpus-check-ph681rg4/Check.csproj]
/tmp/polyxml-corpus-check-ph681rg4/generated/csharp/transit_netex/TransitNetex.cs(201170,46): warning CS0109: The member 'TimeUnitPriceVersionedChildStructure.Validate(ValidationContext)' does not hide an accessible member. The new keyword is not required. [/tmp/polyxml-corpus-check-ph681rg4/Check.csproj]
/tmp/polyxml-corpus-check-ph681rg4/generated/csharp/transit_netex/TransitNetex.cs(142871,46): warning CS0109: The member 'FareIntervalVersionStructure.Validate(ValidationContext)' does not hide an accessible member. The new keyword is not required. [/tmp/polyxml-corpus-check-ph681rg4/Check.csproj]
/tmp/polyxml-corpus-check-ph681rg4/generated/csharp/transit_netex/TransitNetex.cs(220396,46): warning CS0109: The member 'DayTypesType.Validate(ValidationContext)' does not hide an accessible member. The new keyword is not required. [/tmp/polyxml-corpus-check-ph681rg4/Check.csproj]
/tmp/polyxml-corpus-check-ph681rg4/generated/csharp/transit_netex/TransitNetex.cs(143151,46): warning CS0109: The member 'FarePriceType.Validate(ValidationContext)' does not hide an accessible member. The new keyword is not required. [/tmp/polyxml-corpus-check-ph681rg4/Check.csproj]
/tmp/polyxml-corpus-check-ph681rg4/generated/csharp/transit_netex/TransitNetex.cs(202036,46): warning CS0109: The member 'TimetabledPassingTimeVersionedChildStructure.Validate(ValidationContext)' does not hide an accessible member. The new keyword is not required. [/tmp/polyxml-corpus-check-ph681rg4/Check.csproj]
/tmp/polyxml-corpus-check-ph681rg4/generated/csharp/transit_netex/TransitNetex.cs(202300,46): warning CS0109: The member 'TimingLinkInJourneyPatternVersionedChildStructure.Validate(ValidationContext)' does not hide an accessible member. The new keyword is not required. [/tmp/polyxml-corpus-check-ph681rg4/Check.csproj]
/tmp/polyxml-corpus-check-ph681rg4/generated/csharp/transit_netex/TransitNetex.cs(144561,46): warning CS0109: The member 'FareStructureElementPriceVersionedChildStructure.Validate(ValidationContext)' does not hide an accessible member. The new keyword is not required. [/tmp/polyxml-corpus-check-ph681rg4/Check.csproj]
/tmp/polyxml-corpus-check-ph681rg4/generated/csharp/transit_netex/TransitNetex.cs(173423,46): warning CS0109: The member 'PlaceInSequenceVersionedChildStructure.Validate(ValidationContext)' does not hide an accessible member. The new keyword is not required. [/tmp/polyxml-corpus-check-ph681rg4/Check.csproj]
/tmp/polyxml-corpus-check-ph681rg4/generated/csharp/transit_netex/TransitNetex.cs(144892,46): warning CS0109: The member 'FareStructureFactorVersionStructure.Validate(ValidationContext)' does not hide an accessible member. The new keyword is not required. [/tmp/polyxml-corpus-check-ph681rg4/Check.csproj]
/tmp/polyxml-corpus-check-ph681rg4/generated/csharp/transit_netex/TransitNetex.cs(146006,46): warning CS0109: The member 'FareUnitVersionStructure.Validate(ValidationContext)' does not hide an accessible member. The new keyword is not required. [/tmp/polyxml-corpus-check-ph681rg4/Check.csproj]
/tmp/polyxml-corpus-check-ph681rg4/generated/csharp/transit_netex/TransitNetex.cs(203115,46): warning CS0109: The member 'TopographicProjectionVersionStructure.Validate(ValidationContext)' does not hide an accessible member. The new keyword is not required. [/tmp/polyxml-corpus-check-ph681rg4/Check.csproj]
/tmp/polyxml-corpus-check-ph681rg4/generated/csharp/transit_netex/TransitNetex.cs(174195,46): warning CS0109: The member 'PointOfInterestComponentVersionStructure.Validate(ValidationContext)' does not hide an accessible member. The new keyword is not required. [/tmp/polyxml-corpus-check-ph681rg4/Check.csproj]
/tmp/polyxml-corpus-check-ph681rg4/generated/csharp/transit_netex/TransitNetex.cs(203382,46): warning CS0109: The member 'TrainBlockPartVersionStructure.Validate(ValidationContext)' does not hide an accessible member. The new keyword is not required. [/tmp/polyxml-corpus-check-ph681rg4/Check.csproj]
/tmp/polyxml-corpus-check-ph681rg4/generated/csharp/transit_netex/TransitNetex.cs(203543,46): warning CS0109: The member 'TrainBlockVersionStructure.Validate(ValidationContext)' does not hide an accessible member. The new keyword is not required. [/tmp/polyxml-corpus-check-ph681rg4/Check.csproj]
/tmp/polyxml-corpus-check-ph681rg4/generated/csharp/transit_netex/TransitNetex.cs(175298,46): warning CS0109: The member 'PointOfInterestVersionStructure.Validate(ValidationContext)' does not hide an accessible member. The new keyword is not required. [/tmp/polyxml-corpus-check-ph681rg4/Check.csproj]
/tmp/polyxml-corpus-check-ph681rg4/generated/csharp/transit_netex/TransitNetex.cs(176360,46): warning CS0109: The member 'PointProjectionVersionStructure.Validate(ValidationContext)' does not hide an accessible member. The new keyword is not required. [/tmp/polyxml-corpus-check-ph681rg4/Check.csproj]
/tmp/polyxml-corpus-check-ph681rg4/generated/csharp/transit_netex/TransitNetex.cs(146587,46): warning CS0109: The member 'FlexibleLineDerivedViewStructure.Validate(ValidationContext)' does not hide an accessible member. The new keyword is not required. [/tmp/polyxml-corpus-check-ph681rg4/Check.csproj]
/tmp/polyxml-corpus-check-ph681rg4/generated/csharp/transit_netex/TransitNetex.cs(177049,46): warning CS0109: The member 'PreviousCallVersionedChildStructure.Validate(ValidationContext)' does not hide an accessible member. The new keyword is not required. [/tmp/polyxml-corpus-check-ph681rg4/Check.csproj]
/tmp/polyxml-corpus-check-ph681rg4/generated/csharp/transit_netex/TransitNetex.cs(147396,46): warning CS0109: The member 'FlexibleRouteVersionStructure.Validate(ValidationContext)' does not hide an accessible member. The new keyword is not required. [/tmp/polyxml-corpus-check-ph681rg4/Check.csproj]
/tmp/polyxml-corpus-check-ph681rg4/generated/csharp/transit_netex/TransitNetex.cs(204855,46): warning CS0109: The member 'TransportAdministrativeZoneVersionStructure.Validate(ValidationContext)' does not hide an accessible member. The new keyword is not required. [/tmp/polyxml-corpus-check-ph681rg4/Check.csproj]
/tmp/polyxml-corpus-check-ph681rg4/generated/csharp/transit_netex/TransitNetex.cs(205591,46): warning CS0109: The member 'TravelAgentVersionStructure.Validate(ValidationContext)' does not hide an accessible member. The new keyword is not required. [/tmp/polyxml-corpus-check-ph681rg4/Check.csproj]
/tmp/polyxml-corpus-check-ph681rg4/generated/csharp/transit_netex/TransitNetex.cs(148331,46): warning CS0109: The member 'FulfilmentMethodPriceVersionedChildStructure.Validate(ValidationContext)' does not hide an accessible member. The new keyword is not required. [/tmp/polyxml-corpus-check-ph681rg4/Check.csproj]
/tmp/polyxml-corpus-check-ph681rg4/generated/csharp/transit_netex/TransitNetex.cs(148488,46): warning CS0109: The member 'FulfilmentMethodVersionStructure.Validate(ValidationContext)' does not hide an accessible member. The new keyword is not required. [/tmp/polyxml-corpus-check-ph681rg4/Check.csproj]
/tmp/polyxml-corpus-check-ph681rg4/generated/csharp/transit_netex/TransitNetex.cs(150579,46): warning CS0109: The member 'GeneralOrganisationVersionStructure.Validate(ValidationContext)' does not hide an accessible member. The new keyword is not required. [/tmp/polyxml-corpus-check-ph681rg4/Check.csproj]
/tmp/polyxml-corpus-check-ph681rg4/generated/csharp/transit_netex/TransitNetex.cs(151481,46): warning CS0109: The member 'GeographicalIntervalPriceVersionedChildStructure.Validate(ValidationContext)' does not hide an accessible member. The new keyword is not required. [/tmp/polyxml-corpus-check-ph681rg4/Check.csproj]
/tmp/polyxml-corpus-check-ph681rg4/generated/csharp/transit_netex/TransitNetex.cs(152009,46): warning CS0109: The member 'GeographicalUnitPriceVersionedChildStructure.Validate(ValidationContext)' does not hide an accessible member. The new keyword is not required. [/tmp/polyxml-corpus-check-ph681rg4/Check.csproj]
/tmp/polyxml-corpus-check-ph681rg4/generated/csharp/transit_netex/TransitNetex.cs(231393,46): warning CS0109: The member 'SpecificsType.Validate(ValidationContext)' does not hide an accessible member. The new keyword is not required. [/tmp/polyxml-corpus-check-ph681rg4/Check.csproj]
/tmp/polyxml-corpus-check-ph681rg4/generated/csharp/transit_netex/TransitNetex.cs(184817,46): warning CS0109: The member 'SalesNoticeAssignmentVersionStructure.Validate(ValidationContext)' does not hide an accessible member. The new keyword is not required. [/tmp/polyxml-corpus-check-ph681rg4/Check.csproj]
/tmp/polyxml-corpus-check-ph681rg4/generated/csharp/transit_netex/TransitNetex.cs(155606,46): warning CS0109: The member 'InterchangeRuleVersionStructure.Validate(ValidationContext)' does not hide an accessible member. The new keyword is not required. [/tmp/polyxml-corpus-check-ph681rg4/Check.csproj]
/tmp/polyxml-corpus-check-ph681rg4/generated/csharp/transit_netex/TransitNetex.cs(155615,46): warning CS0109: The member 'InterchangeType.Validate(ValidationContext)' does not hide an accessible member. The new keyword is not required. [/tmp/polyxml-corpus-check-ph681rg4/Check.csproj]
/tmp/polyxml-corpus-check-ph681rg4/generated/csharp/transit_netex/TransitNetex.cs(185514,46): warning CS0109: The member 'SalesOfferPackagePriceVersionedChildStructure.Validate(ValidationContext)' does not hide an accessible member. The new keyword is not required. [/tmp/polyxml-corpus-check-ph681rg4/Check.csproj]
/tmp/polyxml-corpus-check-ph681rg4/generated/csharp/transit_netex/TransitNetex.cs(185763,46): warning CS0109: The member 'SalesOfferPackageVersionStructure.Validate(ValidationContext)' does not hide an accessible member. The new keyword is not required. [/tmp/polyxml-corpus-check-ph681rg4/Check.csproj]
/tmp/polyxml-corpus-check-ph681rg4/generated/csharp/transit_netex/TransitNetex.cs(119689,46): warning CS0109: The member 'AccessVehicleEquipmentVersionStructure.Validate(ValidationContext)' does not hide an accessible member. The new keyword is not required. [/tmp/polyxml-corpus-check-ph681rg4/Check.csproj]
/tmp/polyxml-corpus-check-ph681rg4/generated/csharp/transit_netex/TransitNetex.cs(188682,46): warning CS0109: The member 'SeriesConstraintPriceVersionedChildStructure.Validate(ValidationContext)' does not hide an accessible member. The new keyword is not required. [/tmp/polyxml-corpus-check-ph681rg4/Check.csproj]
/tmp/polyxml-corpus-check-ph681rg4/generated/csharp/transit_netex/TransitNetex.cs(188938,46): warning CS0109: The member 'SeriesConstraintVersionStructure.Validate(ValidationContext)' does not hide an accessible member. The new keyword is not required. [/tmp/polyxml-corpus-check-ph681rg4/Check.csproj]
/tmp/polyxml-corpus-check-ph681rg4/generated/csharp/transit_netex/TransitNetex.cs(189101,46): warning CS0109: The member 'ServiceAccessRightVersionStructure.Validate(ValidationContext)' does not hide an accessible member. The new keyword is not required. [/tmp/polyxml-corpus-check-ph681rg4/Check.csproj]
/tmp/polyxml-corpus-check-ph681rg4/generated/csharp/transit_netex/TransitNetex.cs(210102,46): warning CS0109: The member 'UsageParameterVersionStructure.Validate(ValidationContext)' does not hide an accessible member. The new keyword is not required. [/tmp/polyxml-corpus-check-ph681rg4/Check.csproj]
/tmp/polyxml-corpus-check-ph681rg4/generated/csharp/transit_netex/TransitNetex.cs(211020,46): warning CS0109: The member 'ValidableElementPriceVersionedChildStructure.Validate(ValidationContext)' does not hide an accessible member. The new keyword is not required. [/tmp/polyxml-corpus-check-ph681rg4/Check.csproj]
/tmp/polyxml-corpus-check-ph681rg4/generated/csharp/transit_netex/TransitNetex.cs(211187,46): warning CS0109: The member 'ValidableElementVersionStructure.Validate(ValidationContext)' does not hide an accessible member. The new keyword is not required. [/tmp/polyxml-corpus-check-ph681rg4/Check.csproj]
/tmp/polyxml-corpus-check-ph681rg4/generated/csharp/transit_netex/TransitNetex.cs(160879,46): warning CS0109: The member 'LineViewType.Validate(ValidationContext)' does not hide an accessible member. The new keyword is not required. [/tmp/polyxml-corpus-check-ph681rg4/Check.csproj]
/tmp/polyxml-corpus-check-ph681rg4/generated/csharp/transit_netex/TransitNetex.cs(161196,46): warning CS0109: The member 'LinkInJourneyPatternVersionedChildStructure.Validate(ValidationContext)' does not hide an accessible member. The new keyword is not required. [/tmp/polyxml-corpus-check-ph681rg4/Check.csproj]
/tmp/polyxml-corpus-check-ph681rg4/generated/csharp/transit_netex/TransitNetex.cs(161364,46): warning CS0109: The member 'LinkOnSectionVersionedChildStructure.Validate(ValidationContext)' does not hide an accessible member. The new keyword is not required. [/tmp/polyxml-corpus-check-ph681rg4/Check.csproj]
/tmp/polyxml-corpus-check-ph681rg4/generated/csharp/transit_netex/TransitNetex.cs(161505,46): warning CS0109: The member 'LinkProjectionVersionStructure.Validate(ValidationContext)' does not hide an accessible member. The new keyword is not required. [/tmp/polyxml-corpus-check-ph681rg4/Check.csproj]
/tmp/polyxml-corpus-check-ph681rg4/generated/csharp/transit_netex/TransitNetex.cs(161668,46): warning CS0109: The member 'LinkSequenceProjectionVersionStructure.Validate(ValidationContext)' does not hide an accessible member. The new keyword is not required. [/tmp/polyxml-corpus-check-ph681rg4/Check.csproj]
/tmp/polyxml-corpus-check-ph681rg4/generated/csharp/transit_netex/TransitNetex.cs(190168,46): warning CS0109: The member 'ServiceJourneyInterchangeVersionStructure.Validate(ValidationContext)' does not hide an accessible member. The new keyword is not required. [/tmp/polyxml-corpus-check-ph681rg4/Check.csproj]
/tmp/polyxml-corpus-check-ph681rg4/generated/csharp/transit_netex/TransitNetex.cs(190369,46): warning CS0109: The member 'ServiceJourneyPatternInterchangeVersionStructure.Validate(ValidationContext)' does not hide an accessible member. The new keyword is not required. [/tmp/polyxml-corpus-check-ph681rg4/Check.csproj]
/tmp/polyxml-corpus-check-ph681rg4/generated/csharp/transit_netex/TransitNetex.cs(191000,46): warning CS0109: The member 'ServiceLinkInJourneyPatternVersionedChildStructure.Validate(ValidationContext)' does not hide an accessible member. The new keyword is not required. [/tmp/polyxml-corpus-check-ph681rg4/Check.csproj]
/tmp/polyxml-corpus-check-ph681rg4/generated/csharp/transit_netex/TransitNetex.cs(123355,46): warning CS0109: The member 'AuthorityVersionStructure.Validate(ValidationContext)' does not hide an accessible member. The new keyword is not required. [/tmp/polyxml-corpus-check-ph681rg4/Check.csproj]
/tmp/polyxml-corpus-check-ph681rg4/generated/csharp/transit_netex/TransitNetex.cs(191513,46): warning CS0109: The member 'ServiceSiteVersionStructure.Validate(ValidationContext)' does not hide an accessible member. The new keyword is not required. [/tmp/polyxml-corpus-check-ph681rg4/Check.csproj]
/tmp/polyxml-corpus-check-ph681rg4/generated/csharp/transit_netex/TransitNetex.cs(162629,46): warning CS0109: The member 'ManagementAgentVersionStructure.Validate(ValidationContext)' does not hide an accessible member. The new keyword is not required. [/tmp/polyxml-corpus-check-ph681rg4/Check.csproj]
/tmp/polyxml-corpus-check-ph681rg4/generated/csharp/transit_netex/TransitNetex.cs(123743,46): warning CS0109: The member 'BlacklistVersionStructure.Validate(ValidationContext)' does not hide an accessible member. The new keyword is not required. [/tmp/polyxml-corpus-check-ph681rg4/Check.csproj]
/tmp/polyxml-corpus-check-ph681rg4/generated/csharp/transit_netex/TransitNetex.cs(191791,46): warning CS0109: The member 'ServicedOrganisationVersionStructure.Validate(ValidationContext)' does not hide an accessible member. The new keyword is not required. [/tmp/polyxml-corpus-check-ph681rg4/Check.csproj]
/tmp/polyxml-corpus-check-ph681rg4/generated/csharp/transit_netex/TransitNetex.cs(191953,46): warning CS0109: The member 'SimpleAvailabilityConditionType.Validate(ValidationContext)' does not hide an accessible member. The new keyword is not required. [/tmp/polyxml-corpus-check-ph681rg4/Check.csproj]
/tmp/polyxml-corpus-check-ph681rg4/generated/csharp/transit_netex/TransitNetex.cs(163568,46): warning CS0109: The member 'MonitoredCallVersionedChildStructure.Validate(ValidationContext)' does not hide an accessible member. The new keyword is not required. [/tmp/polyxml-corpus-check-ph681rg4/Check.csproj]
/tmp/polyxml-corpus-check-ph681rg4/generated/csharp/transit_netex/TransitNetex.cs(125832,46): warning CS0109: The member 'CappingRulePriceVersionedChildStructure.Validate(ValidationContext)' does not hide an accessible member. The new keyword is not required. [/tmp/polyxml-corpus-check-ph681rg4/Check.csproj]
/tmp/polyxml-corpus-check-ph681rg4/generated/csharp/transit_netex/TransitNetex.cs(192794,46): warning CS0109: The member 'SiteEntranceVersionStructure.Validate(ValidationContext)' does not hide an accessible member. The new keyword is not required. [/tmp/polyxml-corpus-check-ph681rg4/Check.csproj]
/tmp/polyxml-corpus-check-ph681rg4/generated/csharp/transit_netex/TransitNetex.cs(164142,46): warning CS0109: The member 'NetworkFrameTopicType.Validate(ValidationContext)' does not hide an accessible member. The new keyword is not required. [/tmp/polyxml-corpus-check-ph681rg4/Check.csproj]
/tmp/polyxml-corpus-check-ph681rg4/generated/csharp/transit_netex/TransitNetex.cs(128187,46): warning CS0109: The member 'ChargingEquipmentProfileVersionStructure.Validate(ValidationContext)' does not hide an accessible member. The new keyword is not required. [/tmp/polyxml-corpus-check-ph681rg4/Check.csproj]
/tmp/polyxml-corpus-check-ph681rg4/generated/csharp/transit_netex/TransitNetex.cs(165726,46): warning CS0109: The member 'OnwardCallVersionedChildStructure.Validate(ValidationContext)' does not hide an accessible member. The new keyword is not required. [/tmp/polyxml-corpus-check-ph681rg4/Check.csproj]
/tmp/polyxml-corpus-check-ph681rg4/generated/csharp/transit_netex/TransitNetex.cs(133802,46): warning CS0109: The member 'DatedPassingTimeVersionedChildStructure.Validate(ValidationContext)' does not hide an accessible member. The new keyword is not required. [/tmp/polyxml-corpus-check-ph681rg4/Check.csproj]
/tmp/polyxml-corpus-check-ph681rg4/generated/csharp/transit_netex/TransitNetex.cs(131747,46): warning CS0109: The member 'ControlCentreVersionStructure.Validate(ValidationContext)' does not hide an accessible member. The new keyword is not required. [/tmp/polyxml-corpus-check-ph681rg4/Check.csproj]
/tmp/polyxml-corpus-check-ph681rg4/generated/csharp/transit_netex/TransitNetex.cs(132080,46): warning CS0109: The member 'ControllableElementPriceVersionedChildStructure.Validate(ValidationContext)' does not hide an accessible member. The new keyword is not required. [/tmp/polyxml-corpus-check-ph681rg4/Check.csproj]
/tmp/polyxml-corpus-check-ph681rg4/generated/csharp/transit_netex/TransitNetex.cs(132227,46): warning CS0109: The member 'ControllableElementVersionStructure.Validate(ValidationContext)' does not hide an accessible member. The new keyword is not required. [/tmp/polyxml-corpus-check-ph681rg4/Check.csproj]
/tmp/polyxml-corpus-check-ph681rg4/generated/csharp/transit_netex/TransitNetex.cs(133785,46): warning CS0109: The member 'DatedCallVersionedChildStructure.Validate(ValidationContext)' does not hide an accessible member. The new keyword is not required. [/tmp/polyxml-corpus-check-ph681rg4/Check.csproj]
/tmp/polyxml-corpus-check-ph681rg4/generated/csharp/transit_netex/TransitNetex.cs(134117,46): warning CS0109: The member 'DatedServiceJourneyVersionStructure.Validate(ValidationContext)' does not hide an accessible member. The new keyword is not required. [/tmp/polyxml-corpus-check-ph681rg4/Check.csproj]
/tmp/polyxml-corpus-check-ph681rg4/generated/csharp/transit_netex/TransitNetex.cs(136774,46): warning CS0109: The member 'DepartmentVersionStructure.Validate(ValidationContext)' does not hide an accessible member. The new keyword is not required. [/tmp/polyxml-corpus-check-ph681rg4/Check.csproj]
/tmp/polyxml-corpus-check-ph681rg4/generated/csharp/transit_netex/TransitNetex.cs(137422,46): warning CS0109: The member 'DiscountingRuleVersionedStructure.Validate(ValidationContext)' does not hide an accessible member. The new keyword is not required. [/tmp/polyxml-corpus-check-ph681rg4/Check.csproj]
/tmp/polyxml-corpus-check-ph681rg4/generated/csharp/transit_netex/TransitNetex.cs(137924,46): warning CS0109: The member 'DistanceMatrixElementPriceVersionedChildStructure.Validate(ValidationContext)' does not hide an accessible member. The new keyword is not required. [/tmp/polyxml-corpus-check-ph681rg4/Check.csproj]
/tmp/polyxml-corpus-check-ph681rg4/generated/csharp/transit_netex/TransitNetex.cs(195041,2): error CS0579: Duplicate 'XmlRoot' attribute [/tmp/polyxml-corpus-check-ph681rg4/Check.csproj]
/tmp/polyxml-corpus-check-ph681rg4/generated/csharp/transit_netex/TransitNetex.cs(195345,2): error CS0579: Duplicate 'XmlRoot' attribute [/tmp/polyxml-corpus-check-ph681rg4/Check.csproj]
/tmp/polyxml-corpus-check-ph681rg4/generated/csharp/transit_netex/TransitNetex.cs(195370,48): error CS0246: The type or namespace name 'StopPlaceComponentVersionStructure' could not be found (are you missing a using directive or an assembly reference?) [/tmp/polyxml-corpus-check-ph681rg4/Check.csproj]
/tmp/polyxml-corpus-check-ph681rg4/generated/csharp/transit_netex/TransitNetex.cs(196055,2): error CS0579: Duplicate 'XmlRoot' attribute [/tmp/polyxml-corpus-check-ph681rg4/Check.csproj]
/tmp/polyxml-corpus-check-ph681rg4/generated/csharp/transit_netex/TransitNetex.cs(196211,2): error CS0579: Duplicate 'XmlRoot' attribute [/tmp/polyxml-corpus-check-ph681rg4/Check.csproj]
/tmp/polyxml-corpus-check-ph681rg4/generated/csharp/transit_netex/TransitNetex.cs(196536,2): error CS0579: Duplicate 'XmlRoot' attribute [/tmp/polyxml-corpus-check-ph681rg4/Check.csproj]
/tmp/polyxml-corpus-check-ph681rg4/generated/csharp/transit_netex/TransitNetex.cs(209969,2): error CS0579: Duplicate 'XmlRoot' attribute [/tmp/polyxml-corpus-check-ph681rg4/Check.csproj]
/tmp/polyxml-corpus-check-ph681rg4/generated/csharp/transit_netex/TransitNetex.cs(151801,2): error CS0579: Duplicate 'XmlRoot' attribute [/tmp/polyxml-corpus-check-ph681rg4/Check.csproj]
/tmp/polyxml-corpus-check-ph681rg4/generated/csharp/transit_netex/TransitNetex.cs(184989,2): error CS0579: Duplicate 'XmlRoot' attribute [/tmp/polyxml-corpus-check-ph681rg4/Check.csproj]
/tmp/polyxml-corpus-check-ph681rg4/generated/csharp/transit_netex/TransitNetex.cs(139495,2): error CS0579: Duplicate 'XmlRoot' attribute [/tmp/polyxml-corpus-check-ph681rg4/Check.csproj]
/tmp/polyxml-corpus-check-ph681rg4/generated/csharp/transit_netex/TransitNetex.cs(176799,5): error CS0246: The type or namespace name 'FareProductVersionStructure' could not be found (are you missing a using directive or an assembly reference?) [/tmp/polyxml-corpus-check-ph681rg4/Check.csproj]
/tmp/polyxml-corpus-check-ph681rg4/generated/csharp/transit_netex/TransitNetex.cs(139877,2): error CS0579: Duplicate 'XmlRoot' attribute [/tmp/polyxml-corpus-check-ph681rg4/Check.csproj]
/tmp/polyxml-corpus-check-ph681rg4/generated/csharp/transit_netex/TransitNetex.cs(171886,2): error CS0579: Duplicate 'XmlRoot' attribute [/tmp/polyxml-corpus-check-ph681rg4/Check.csproj]
/tmp/polyxml-corpus-check-ph681rg4/generated/csharp/transit_netex/TransitNetex.cs(140191,2): error CS0579: Duplicate 'XmlRoot' attribute [/tmp/polyxml-corpus-check-ph681rg4/Check.csproj]
/tmp/polyxml-corpus-check-ph681rg4/generated/csharp/transit_netex/TransitNetex.cs(168358,2): error CS0579: Duplicate 'XmlRoot' attribute [/tmp/polyxml-corpus-check-ph681rg4/Check.csproj]
/tmp/polyxml-corpus-check-ph681rg4/generated/csharp/transit_netex/TransitNetex.cs(168736,2): error CS0579: Duplicate 'XmlRoot' attribute [/tmp/polyxml-corpus-check-ph681rg4/Check.csproj]
/tmp/polyxml-corpus-check-ph681rg4/generated/csharp/transit_netex/TransitNetex.cs(169253,2): error CS0579: Duplicate 'XmlRoot' attribute [/tmp/polyxml-corpus-check-ph681rg4/Check.csproj]
/tmp/polyxml-corpus-check-ph681rg4/generated/csharp/transit_netex/TransitNetex.cs(198744,42): error CS0246: The type or namespace name 'StopPlaceVersionStructure' could not be found (are you missing a using directive or an assembly reference?) [/tmp/polyxml-corpus-check-ph681rg4/Check.csproj]
/tmp/polyxml-corpus-check-ph681rg4/generated/csharp/transit_netex/TransitNetex.cs(188060,2): error CS0579: Duplicate 'XmlRoot' attribute [/tmp/polyxml-corpus-check-ph681rg4/Check.csproj]
/tmp/polyxml-corpus-check-ph681rg4/generated/csharp/transit_netex/TransitNetex.cs(143547,2): error CS0579: Duplicate 'XmlRoot' attribute [/tmp/polyxml-corpus-check-ph681rg4/Check.csproj]
/tmp/polyxml-corpus-check-ph681rg4/generated/csharp/transit_netex/TransitNetex.cs(199772,5): error CS0246: The type or namespace name 'FareProductVersionStructure' could not be found (are you missing a using directive or an assembly reference?) [/tmp/polyxml-corpus-check-ph681rg4/Check.csproj]
/tmp/polyxml-corpus-check-ph681rg4/generated/csharp/transit_netex/TransitNetex.cs(114508,157): error CS0246: The type or namespace name 'QualityStructureFactorPriceVersionedChildStructure' could not be found (are you missing a using directive or an assembly reference?) [/tmp/polyxml-corpus-check-ph681rg4/Check.csproj]
/tmp/polyxml-corpus-check-ph681rg4/generated/csharp/transit_netex/TransitNetex.cs(157954,2): error CS0579: Duplicate 'XmlRoot' attribute [/tmp/polyxml-corpus-check-ph681rg4/Check.csproj]
/tmp/polyxml-corpus-check-ph681rg4/generated/csharp/transit_netex/TransitNetex.cs(158485,2): error CS0579: Duplicate 'XmlRoot' attribute [/tmp/polyxml-corpus-check-ph681rg4/Check.csproj]
/tmp/polyxml-corpus-check-ph681rg4/generated/csharp/transit_netex/TransitNetex.cs(175482,59): error CS0246: The type or namespace name 'PointOnSectionVersionedChildStructure' could not be found (are you missing a using directive or an assembly reference?) [/tmp/polyxml-corpus-check-ph681rg4/Check.csproj]
/tmp/polyxml-corpus-check-ph681rg4/generated/csharp/transit_netex/TransitNetex.cs(179447,2): error CS0579: Duplicate 'XmlRoot' attribute [/tmp/polyxml-corpus-check-ph681rg4/Check.csproj]
/tmp/polyxml-corpus-check-ph681rg4/generated/csharp/transit_netex/TransitNetex.cs(144754,2): error CS0579: Duplicate 'XmlRoot' attribute [/tmp/polyxml-corpus-check-ph681rg4/Check.csproj]
/tmp/polyxml-corpus-check-ph681rg4/generated/csharp/transit_netex/TransitNetex.cs(200967,2): error CS0579: Duplicate 'XmlRoot' attribute [/tmp/polyxml-corpus-check-ph681rg4/Check.csproj]
/tmp/polyxml-corpus-check-ph681rg4/generated/csharp/transit_netex/TransitNetex.cs(143100,59): error CS0246: The type or namespace name 'PointInJourneyPatternVersionedChildStructure' could not be found (are you missing a using directive or an assembly reference?) [/tmp/polyxml-corpus-check-ph681rg4/Check.csproj]
/tmp/polyxml-corpus-check-ph681rg4/generated/csharp/transit_netex/TransitNetex.cs(143764,2): error CS0579: Duplicate 'XmlRoot' attribute [/tmp/polyxml-corpus-check-ph681rg4/Check.csproj]
/tmp/polyxml-corpus-check-ph681rg4/generated/csharp/transit_netex/TransitNetex.cs(125992,2): error CS0579: Duplicate 'XmlRoot' attribute [/tmp/polyxml-corpus-check-ph681rg4/Check.csproj]
/tmp/polyxml-corpus-check-ph681rg4/generated/csharp/transit_netex/TransitNetex.cs(242577,43): error CS0246: The type or namespace name 'StopPlaceComponentVersionStructure' could not be found (are you missing a using directive or an assembly reference?) [/tmp/polyxml-corpus-check-ph681rg4/Check.csproj]
/tmp/polyxml-corpus-check-ph681rg4/generated/csharp/transit_netex/TransitNetex.cs(163781,2): error CS0579: Duplicate 'XmlRoot' attribute [/tmp/polyxml-corpus-check-ph681rg4/Check.csproj]
/tmp/polyxml-corpus-check-ph681rg4/generated/csharp/transit_netex/TransitNetex.cs(164373,2): error CS0579: Duplicate 'XmlRoot' attribute [/tmp/polyxml-corpus-check-ph681rg4/Check.csproj]
/tmp/polyxml-corpus-check-ph681rg4/generated/csharp/transit_netex/TransitNetex.cs(173873,2): error CS0579: Duplicate 'XmlRoot' attribute [/tmp/polyxml-corpus-check-ph681rg4/Check.csproj]
/tmp/polyxml-corpus-check-ph681rg4/generated/csharp/transit_netex/TransitNetex.cs(202680,2): error CS0579: Duplicate 'XmlRoot' attribute [/tmp/polyxml-corpus-check-ph681rg4/Check.csproj]
/tmp/polyxml-corpus-check-ph681rg4/generated/csharp/transit_netex/TransitNetex.cs(237105,49): error CS0246: The type or namespace name 'PointOnSectionVersionedChildStructure' could not be found (are you missing a using directive or an assembly reference?) [/tmp/polyxml-corpus-check-ph681rg4/Check.csproj]
/tmp/polyxml-corpus-check-ph681rg4/generated/csharp/transit_netex/TransitNetex.cs(130230,2): error CS0579: Duplicate 'XmlRoot' attribute [/tmp/polyxml-corpus-check-ph681rg4/Check.csproj]
/tmp/polyxml-corpus-check-ph681rg4/generated/csharp/transit_netex/TransitNetex.cs(130471,2): error CS0579: Duplicate 'XmlRoot' attribute [/tmp/polyxml-corpus-check-ph681rg4/Check.csproj]
/tmp/polyxml-corpus-check-ph681rg4/generated/csharp/transit_netex/TransitNetex.cs(204225,2): error CS0579: Duplicate 'XmlRoot' attribute [/tmp/polyxml-corpus-check-ph681rg4/Check.csproj]
/tmp/polyxml-corpus-check-ph681rg4/generated/csharp/transit_netex/TransitNetex.cs(176126,2): error CS0579: Duplicate 'XmlRoot' attribute [/tmp/polyxml-corpus-check-ph681rg4/Check.csproj]
/tmp/polyxml-corpus-check-ph681rg4/generated/csharp/transit_netex/TransitNetex.cs(176238,2): error CS0579: Duplicate 'XmlRoot' attribute [/tmp/polyxml-corpus-check-ph681rg4/Check.csproj]
/tmp/polyxml-corpus-check-ph681rg4/generated/csharp/transit_netex/TransitNetex.cs(212956,2): error CS0579: Duplicate 'XmlRoot' attribute [/tmp/polyxml-corpus-check-ph681rg4/Check.csproj]
/tmp/polyxml-corpus-check-ph681rg4/generated/csharp/transit_netex/TransitNetex.cs(134702,2): error CS0579: Duplicate 'XmlRoot' attribute [/tmp/polyxml-corpus-check-ph681rg4/Check.csproj]
/tmp/polyxml-corpus-check-ph681rg4/generated/csharp/transit_netex/TransitNetex.cs(147789,2): error CS0579: Duplicate 'XmlRoot' attribute [/tmp/polyxml-corpus-check-ph681rg4/Check.csproj]
/tmp/polyxml-corpus-check-ph681rg4/generated/csharp/transit_netex/TransitNetex.cs(138175,2): error CS0579: Duplicate 'XmlRoot' attribute [/tmp/polyxml-corpus-check-ph681rg4/Check.csproj]
/tmp/polyxml-corpus-check-ph681rg4/generated/csharp/transit_netex/TransitNetex.cs(151258,60): error CS0246: The type or namespace name 'ValidityParameterAssignmentVersionStructure' could not be found (are you missing a using directive or an assembly reference?) [/tmp/polyxml-corpus-check-ph681rg4/Check.csproj]
/tmp/polyxml-corpus-check-ph681rg4/generated/csharp/transit_netex/TransitNetex.cs(213262,2): error CS0579: Duplicate 'XmlRoot' attribute [/tmp/polyxml-corpus-check-ph681rg4/Check.csproj]
/tmp/polyxml-corpus-check-ph681rg4/generated/csharp/transit_netex/TransitNetex.cs(215262,2): error CS0579: Duplicate 'XmlRoot' attribute [/tmp/polyxml-corpus-check-ph681rg4/Check.csproj]
/tmp/polyxml-corpus-check-ph681rg4/generated/csharp/transit_netex/TransitNetex.cs(184594,5): error CS0246: The type or namespace name 'FareProductVersionStructure' could not be found (are you missing a using directive or an assembly reference?) [/tmp/polyxml-corpus-check-ph681rg4/Check.csproj]
/tmp/polyxml-corpus-check-ph681rg4/generated/csharp/transit_netex/TransitNetex.cs(209666,5): error CS0246: The type or namespace name 'FareProductVersionStructure' could not be found (are you missing a using directive or an assembly reference?) [/tmp/polyxml-corpus-check-ph681rg4/Check.csproj]
/tmp/polyxml-corpus-check-ph681rg4/generated/csharp/transit_netex/TransitNetex.cs(211469,2): error CS0579: Duplicate 'XmlRoot' attribute [/tmp/polyxml-corpus-check-ph681rg4/Check.csproj]
/tmp/polyxml-corpus-check-ph681rg4/generated/csharp/transit_netex/TransitNetex.cs(122523,5): error CS0246: The type or namespace name 'FareProductVersionStructure' could not be found (are you missing a using directive or an assembly reference?) [/tmp/polyxml-corpus-check-ph681rg4/Check.csproj]
/tmp/polyxml-corpus-check-ph681rg4/generated/csharp/transit_netex/TransitNetex.cs(213596,2): error CS0579: Duplicate 'XmlRoot' attribute [/tmp/polyxml-corpus-check-ph681rg4/Check.csproj]
/tmp/polyxml-corpus-check-ph681rg4/generated/csharp/transit_netex/TransitNetex.cs(215536,57): error CS0246: The type or namespace name 'StopPlaceComponentVersionStructure' could not be found (are you missing a using directive or an assembly reference?) [/tmp/polyxml-corpus-check-ph681rg4/Check.csproj]
/tmp/polyxml-corpus-check-ph681rg4/generated/csharp/transit_netex/TransitNetex.cs(164641,59): error CS0246: The type or namespace name 'DatedVehicleJourneyVersionStructure' could not be found (are you missing a using directive or an assembly reference?) [/tmp/polyxml-corpus-check-ph681rg4/Check.csproj]
/tmp/polyxml-corpus-check-ph681rg4/generated/csharp/transit_netex/TransitNetex.cs(66112,26): error CS0102: The type 'ParkingAreaTypeItem' already contains a definition for 'ParkingProperties' [/tmp/polyxml-corpus-check-ph681rg4/Check.csproj]
/tmp/polyxml-corpus-check-ph681rg4/generated/csharp/transit_netex/TransitNetex.cs(66112,43): error CS8863: Only a single partial type declaration may have a parameter list [/tmp/polyxml-corpus-check-ph681rg4/Check.csproj]
/tmp/polyxml-corpus-check-ph681rg4/generated/csharp/transit_netex/TransitNetex.cs(66114,16): error CS0111: Type 'ParkingAreaTypeItem.ParkingProperties' already defines a member called 'ParkingProperties' with the same parameter types [/tmp/polyxml-corpus-check-ph681rg4/Check.csproj]
/tmp/polyxml-corpus-check-ph681rg4/generated/csharp/transit_netex/TransitNetex.cs(70647,26): error CS0102: The type 'PathLinkInSequenceTypeItem' already contains a definition for 'Description' [/tmp/polyxml-corpus-check-ph681rg4/Check.csproj]
/tmp/polyxml-corpus-check-ph681rg4/generated/csharp/transit_netex/TransitNetex.cs(70647,37): error CS8863: Only a single partial type declaration may have a parameter list [/tmp/polyxml-corpus-check-ph681rg4/Check.csproj]
/tmp/polyxml-corpus-check-ph681rg4/generated/csharp/transit_netex/TransitNetex.cs(70649,16): error CS0111: Type 'PathLinkInSequenceTypeItem.Description' already defines a member called 'Description' with the same parameter types [/tmp/polyxml-corpus-check-ph681rg4/Check.csproj]
/tmp/polyxml-corpus-check-ph681rg4/generated/csharp/transit_netex/TransitNetex.cs(134422,2): error CS0579: Duplicate 'XmlRoot' attribute [/tmp/polyxml-corpus-check-ph681rg4/Check.csproj]
/tmp/polyxml-corpus-check-ph681rg4/generated/csharp/transit_netex/TransitNetex.cs(135663,5): error CS0246: The type or namespace name 'DeadRunVersionStructure' could not be found (are you missing a using directive or an assembly reference?) [/tmp/polyxml-corpus-check-ph681rg4/Check.csproj]
/tmp/polyxml-corpus-check-ph681rg4/generated/csharp/transit_netex/TransitNetex.cs(135681,2): error CS0579: Duplicate 'XmlRoot' attribute [/tmp/polyxml-corpus-check-ph681rg4/Check.csproj]
/tmp/polyxml-corpus-check-ph681rg4/generated/csharp/transit_netex/TransitNetex.cs(91552,26): error CS0102: The type 'TaxiParkingAreaTypeItem' already contains a definition for 'ParkingProperties' [/tmp/polyxml-corpus-check-ph681rg4/Check.csproj]
/tmp/polyxml-corpus-check-ph681rg4/generated/csharp/transit_netex/TransitNetex.cs(91552,43): error CS8863: Only a single partial type declaration may have a parameter list [/tmp/polyxml-corpus-check-ph681rg4/Check.csproj]
/tmp/polyxml-corpus-check-ph681rg4/generated/csharp/transit_netex/TransitNetex.cs(105166,108): error CS0246: The type or namespace name 'PointOnSectionVersionedChildStructure' could not be found (are you missing a using directive or an assembly reference?) [/tmp/polyxml-corpus-check-ph681rg4/Check.csproj]
/tmp/polyxml-corpus-check-ph681rg4/generated/csharp/transit_netex/TransitNetex.cs(91554,16): error CS0111: Type 'TaxiParkingAreaTypeItem.ParkingProperties' already defines a member called 'ParkingProperties' with the same parameter types [/tmp/polyxml-corpus-check-ph681rg4/Check.csproj]
/tmp/polyxml-corpus-check-ph681rg4/generated/csharp/transit_netex/TransitNetex.cs(108179,26): error CS0102: The type 'EntitiesInVersionRelStructureItem' already contains a definition for 'ServiceAccessRight' [/tmp/polyxml-corpus-check-ph681rg4/Check.csproj]
/tmp/polyxml-corpus-check-ph681rg4/generated/csharp/transit_netex/TransitNetex.cs(108179,44): error CS8863: Only a single partial type declaration may have a parameter list [/tmp/polyxml-corpus-check-ph681rg4/Check.csproj]
/tmp/polyxml-corpus-check-ph681rg4/generated/csharp/transit_netex/TransitNetex.cs(108181,16): error CS0111: Type 'EntitiesInVersionRelStructureItem.ServiceAccessRight' already defines a member called 'ServiceAccessRight' with the same parameter types [/tmp/polyxml-corpus-check-ph681rg4/Check.csproj]
    81 Warning(s)
    72 Error(s)

Time Elapsed 00:00:07.74
